Component: ARM Compiler 5.06 update 7 (build 960) Tool: armlink [4d3601]

==============================================================================

Section Cross References

    startup_stm32f103xb.o(STACK) refers (Special) to heapauxi.o(.text) for __use_two_region_memory
    startup_stm32f103xb.o(HEAP) refers (Special) to heapauxi.o(.text) for __use_two_region_memory
    startup_stm32f103xb.o(RESET) refers (Special) to heapauxi.o(.text) for __use_two_region_memory
    startup_stm32f103xb.o(RESET) refers to startup_stm32f103xb.o(STACK) for __initial_sp
    startup_stm32f103xb.o(RESET) refers to startup_stm32f103xb.o(.text) for Reset_Handler
    startup_stm32f103xb.o(RESET) refers to stm32f1xx_it.o(i.NMI_Handler) for NMI_Handler
    startup_stm32f103xb.o(RESET) refers to stm32f1xx_it.o(i.HardFault_Handler) for HardFault_Handler
    startup_stm32f103xb.o(RESET) refers to stm32f1xx_it.o(i.MemManage_Handler) for MemManage_Handler
    startup_stm32f103xb.o(RESET) refers to stm32f1xx_it.o(i.BusFault_Handler) for BusFault_Handler
    startup_stm32f103xb.o(RESET) refers to stm32f1xx_it.o(i.UsageFault_Handler) for UsageFault_Handler
    startup_stm32f103xb.o(RESET) refers to stm32f1xx_it.o(i.SVC_Handler) for SVC_Handler
    startup_stm32f103xb.o(RESET) refers to stm32f1xx_it.o(i.DebugMon_Handler) for DebugMon_Handler
    startup_stm32f103xb.o(RESET) refers to stm32f1xx_it.o(i.PendSV_Handler) for PendSV_Handler
    startup_stm32f103xb.o(RESET) refers to stm32f1xx_it.o(i.SysTick_Handler) for SysTick_Handler
    startup_stm32f103xb.o(RESET) refers to stm32f1xx_it.o(i.USB_LP_CAN1_RX0_IRQHandler) for USB_LP_CAN1_RX0_IRQHandler
    startup_stm32f103xb.o(.text) refers (Special) to heapauxi.o(.text) for __use_two_region_memory
    startup_stm32f103xb.o(.text) refers to system_stm32f1xx.o(i.SystemInit) for SystemInit
    startup_stm32f103xb.o(.text) refers to __main.o(!!!main) for __main
    startup_stm32f103xb.o(.text) refers to startup_stm32f103xb.o(HEAP) for Heap_Mem
    startup_stm32f103xb.o(.text) refers to startup_stm32f103xb.o(STACK) for Stack_Mem
    main.o(i.MX_GPIO_Init) refers to stm32f1xx_hal_gpio.o(i.HAL_GPIO_WritePin) for HAL_GPIO_WritePin
    main.o(i.MX_GPIO_Init) refers to stm32f1xx_hal_gpio.o(i.HAL_GPIO_Init) for HAL_GPIO_Init
    main.o(i.MX_SPI1_Init) refers to stm32f1xx_hal_spi.o(i.HAL_SPI_Init) for HAL_SPI_Init
    main.o(i.MX_SPI1_Init) refers to main.o(.bss) for .bss
    main.o(i.SystemClock_Config) refers to rt_memclr_w.o(.text) for __aeabi_memclr4
    main.o(i.SystemClock_Config) refers to stm32f1xx_hal_rcc.o(i.HAL_RCC_OscConfig) for HAL_RCC_OscConfig
    main.o(i.SystemClock_Config) refers to stm32f1xx_hal_rcc.o(i.HAL_RCC_ClockConfig) for HAL_RCC_ClockConfig
    main.o(i.SystemClock_Config) refers to stm32f1xx_hal_rcc_ex.o(i.HAL_RCCEx_PeriphCLKConfig) for HAL_RCCEx_PeriphCLKConfig
    main.o(i.convert_Data) refers to main.o(i.map) for map
    main.o(i.convert_Data) refers to stm32f1xx_hal.o(i.HAL_Delay) for HAL_Delay
    main.o(i.convert_Data) refers to main.o(.bss) for .bss
    main.o(i.convert_Data) refers to main.o(.data) for .data
    main.o(i.main) refers to stm32f1xx_hal.o(i.HAL_Init) for HAL_Init
    main.o(i.main) refers to main.o(i.SystemClock_Config) for SystemClock_Config
    main.o(i.main) refers to main.o(i.MX_GPIO_Init) for MX_GPIO_Init
    main.o(i.main) refers to main.o(i.MX_SPI1_Init) for MX_SPI1_Init
    main.o(i.main) refers to usb_device.o(i.MX_USB_DEVICE_Init) for MX_USB_DEVICE_Init
    main.o(i.main) refers to nrf24l01.o(i.NRF24_Init) for NRF24_Init
    main.o(i.main) refers to nrf24l01.o(i.NRF24_RxMode) for NRF24_RxMode
    main.o(i.main) refers to stm32f1xx_hal.o(i.HAL_Delay) for HAL_Delay
    main.o(i.main) refers to nrf24l01.o(i.isDataAvailable) for isDataAvailable
    main.o(i.main) refers to nrf24l01.o(i.NRF24_Receive) for NRF24_Receive
    main.o(i.main) refers to stm32f1xx_hal_gpio.o(i.HAL_GPIO_TogglePin) for HAL_GPIO_TogglePin
    main.o(i.main) refers to main.o(i.convert_Data) for convert_Data
    main.o(i.main) refers to usbd_hid.o(i.USBD_HID_SendReport) for USBD_HID_SendReport
    main.o(i.main) refers to main.o(.data) for .data
    main.o(i.main) refers to main.o(.bss) for .bss
    main.o(i.main) refers to usb_device.o(.bss) for hUsbDeviceFS
    stm32f1xx_it.o(i.SysTick_Handler) refers to stm32f1xx_hal.o(i.HAL_IncTick) for HAL_IncTick
    stm32f1xx_it.o(i.USB_LP_CAN1_RX0_IRQHandler) refers to stm32f1xx_hal_pcd.o(i.HAL_PCD_IRQHandler) for HAL_PCD_IRQHandler
    stm32f1xx_it.o(i.USB_LP_CAN1_RX0_IRQHandler) refers to usbd_conf.o(.bss) for hpcd_USB_FS
    stm32f1xx_hal_msp.o(i.HAL_SPI_MspDeInit) refers to stm32f1xx_hal_gpio.o(i.HAL_GPIO_DeInit) for HAL_GPIO_DeInit
    stm32f1xx_hal_msp.o(i.HAL_SPI_MspInit) refers to stm32f1xx_hal_gpio.o(i.HAL_GPIO_Init) for HAL_GPIO_Init
    usb_device.o(i.MX_USB_DEVICE_Init) refers to usbd_core.o(i.USBD_Init) for USBD_Init
    usb_device.o(i.MX_USB_DEVICE_Init) refers to main.o(i.Error_Handler) for Error_Handler
[...]
    ..\Middlewares\ST\STM32_USB_Device_Library\Core\Src\usbd_ctlreq.c 0x00000000   Number         0  usbd_ctlreq.o ABSOLUTE
    ..\Middlewares\ST\STM32_USB_Device_Library\Core\Src\usbd_ioreq.c 0x00000000   Number         0  usbd_ioreq.o ABSOLUTE
    ..\USB_DEVICE\App\usb_device.c           0x00000000   Number         0  usb_device.o ABSOLUTE
    ..\USB_DEVICE\App\usbd_desc.c            0x00000000   Number         0  usbd_desc.o ABSOLUTE
    ..\USB_DEVICE\Target\usbd_conf.c         0x00000000   Number         0  usbd_conf.o ABSOLUTE
    ..\\Core\\Src\\NRF24L01.c                0x00000000   Number         0  nrf24l01.o ABSOLUTE
    dc.s                                     0x00000000   Number         0  dc.o ABSOLUTE
    startup_stm32f103xb.s                    0x00000000   Number         0  startup_stm32f103xb.o ABSOLUTE
    RESET                                    0x08000000   Section      236  startup_stm32f103xb.o(RESET)
    !!!main                                  0x080000ec   Section        8  __main.o(!!!main)
    !!!scatter                               0x080000f4   Section       52  __scatter.o(!!!scatter)
    !!dczerorl2                              0x08000128   Section       90  __dczerorl2.o(!!dczerorl2)
    !!handler_zi                             0x08000184   Section       28  __scatter_zi.o(!!handler_zi)
    .ARM.Collect$$libinit$$00000000          0x080001a0   Section        2  libinit.o(.ARM.Collect$$libinit$$00000000)
    .ARM.Collect$$libinit$$00000002          0x080001a2   Section        0  libinit2.o(.ARM.Collect$$libinit$$00000002)
    .ARM.Collect$$libinit$$00000004          0x080001a2   Section        0  libinit2.o(.ARM.Collect$$libinit$$00000004)
    .ARM.Collect$$libinit$$0000000A          0x080001a2   Section        0  libinit2.o(.ARM.Collect$$libinit$$0000000A)
    .ARM.Collect$$libinit$$0000000C          0x080001a2   Section        0  libinit2.o(.ARM.Collect$$libinit$$0000000C)
    .ARM.Collect$$libinit$$0000000E          0x080001a2   Section        0  libinit2.o(.ARM.Collect$$libinit$$0000000E)
    .ARM.Collect$$libinit$$00000011          0x080001a2   Section        0  libinit2.o(.ARM.Collect$$libinit$$00000011)
    .ARM.Collect$$libinit$$00000013          0x080001a2   Section        0  libinit2.o(.ARM.Collect$$libinit$$00000013)
    .ARM.Collect$$libinit$$00000015          0x080001a2   Section        0  libinit2.o(.ARM.Collect$$libinit$$00000015)
    .ARM.Collect$$libinit$$00000017          0x080001a2   Section        0  libinit2.o(.ARM.Collect$$libinit$$00000017)
    .ARM.Collect$$libinit$$00000019          0x080001a2   Section        0  libinit2.o(.ARM.Collect$$libinit$$00000019)
    .ARM.Collect$$libinit$$0000001B          0x080001a2   Section        0  libinit2.o(.ARM.Collect$$libinit$$0000001B)
    .ARM.Collect$$libinit$$0000001D          0x080001a2   Section        0  libinit2.o(.ARM.Collect$$libinit$$0000001D)
    .ARM.Collect$$libinit$$0000001F          0x080001a2   Section        0  libinit2.o(.ARM.Collect$$libinit$$0000001F)
    .ARM.Collect$$libinit$$00000021          0x080001a2   Section        0  libinit2.o(.ARM.Collect$$libinit$$00000021)
    .ARM.Collect$$libinit$$00000023          0x080001a2   Section        0  libinit2.o(.ARM.Collect$$libinit$$00000023)
    .ARM.Collect$$libinit$$00000025          0x080001a2   Section        0  libinit2.o(.ARM.Collect$$libinit$$00000025)
    .ARM.Collect$$libinit$$0000002C          0x080001a2   Section        0  libinit2.o(.ARM.Collect$$libinit$$0000002C)
    .ARM.Collect$$libinit$$0000002E          0x080001a2   Section        0  libinit2.o(.ARM.Collect$$libinit$$0000002E)
    .ARM.Collect$$libinit$$00000030          0x080001a2   Section        0  libinit2.o(.ARM.Collect$$libinit$$00000030)
    .ARM.Collect$$libinit$$00000032          0x080001a2   Section        0  libinit2.o(.ARM.Collect$$libinit$$00000032)
    .ARM.Collect$$libinit$$00000033          0x080001a2   Section        2  libinit2.o(.ARM.Collect$$libinit$$00000033)
    .ARM.Collect$$libshutdown$$00000000      0x080001a4   Section        2  libshutdown.o(.ARM.Collect$$libshutdown$$00000000)
    .ARM.Collect$$libshutdown$$00000002      0x080001a6   Section        0  libshutdown2.o(.ARM.Collect$$libshutdown$$00000002)
    .ARM.Collect$$libshutdown$$00000004      0x080001a6   Section        0  libshutdown2.o(.ARM.Collect$$libshutdown$$00000004)
    .ARM.Collect$$libshutdown$$00000006      0x080001a6   Section        0  libshutdown2.o(.ARM.Collect$$libshutdown$$00000006)
    .ARM.Collect$$libshutdown$$00000009      0x080001a6   Section        0  libshutdown2.o(.ARM.Collect$$libshutdown$$00000009)
    .ARM.Collect$$libshutdown$$0000000C      0x080001a6   Section        0  libshutdown2.o(.ARM.Collect$$libshutdown$$0000000C)
    .ARM.Collect$$libshutdown$$0000000E      0x080001a6   Section        0  libshutdown2.o(.ARM.Collect$$libshutdown$$0000000E)
    .ARM.Collect$$libshutdown$$00000011      0x080001a6   Section        0  libshutdown2.o(.ARM.Collect$$libshutdown$$00000011)
    .ARM.Collect$$libshutdown$$00000012      0x080001a6   Section        2  libshutdown2.o(.ARM.Collect$$libshutdown$$00000012)
    .ARM.Collect$$rtentry$$00000000          0x080001a8   Section        0  __rtentry.o(.ARM.Collect$$rtentry$$00000000)
    .ARM.Collect$$rtentry$$00000002          0x080001a8   Section        0  __rtentry2.o(.ARM.Collect$$rtentry$$00000002)
    .ARM.Collect$$rtentry$$00000004          0x080001a8   Section        6  __rtentry4.o(.ARM.Collect$$rtentry$$00000004)
    .ARM.Collect$$rtentry$$00000009          0x080001ae   Section        0  __rtentry2.o(.ARM.Collect$$rtentry$$00000009)
    .ARM.Collect$$rtentry$$0000000A          0x080001ae   Section        4  __rtentry2.o(.ARM.Collect$$rtentry$$0000000A)
    .ARM.Collect$$rtentry$$0000000C          0x080001b2   Section        0  __rtentry2.o(.ARM.Collect$$rtentry$$0000000C)
    .ARM.Collect$$rtentry$$0000000D          0x080001b2   Section        8  __rtentry2.o(.ARM.Collect$$rtentry$$0000000D)
    .ARM.Collect$$rtexit$$00000000           0x080001ba   Section        2  rtexit.o(.ARM.Collect$$rtexit$$00000000)
    .ARM.Collect$$rtexit$$00000002           0x080001bc   Section        0  rtexit2.o(.ARM.Collect$$rtexit$$00000002)
    .ARM.Collect$$rtexit$$00000003           0x080001bc   Section        4  rtexit2.o(.ARM.Collect$$rtexit$$00000003)
    .ARM.Collect$$rtexit$$00000004           0x080001c0   Section        6  rtexit2.o(.ARM.Collect$$rtexit$$00000004)
    .text                                    0x080001c8   Section       64  startup_stm32f103xb.o(.text)
    .text                                    0x08000208   Section      100  rt_memcpy_w.o(.text)
    .text                                    0x0800026c   Section       78  rt_memclr_w.o(.text)
    .text                                    0x080002ba   Section        0  heapauxi.o(.text)
    .text                                    0x080002c0   Section       74  sys_stackheap_outer.o(.text)
    .text                                    0x0800030a   Section        0  exit.o(.text)
    .text                                    0x0800031c   Section        8  libspace.o(.text)
    .text                                    0x08000324   Section        0  sys_exit.o(.text)
    .text                                    0x08000330   Section        2  use_no_semi.o(.text)
    .text                                    0x08000332   Section        0  indicate_semi.o(.text)
    i.BusFault_Handler                       0x08000332   Section        0  stm32f1xx_it.o(i.BusFault_Handler)
    i.CE_Disable                             0x08000334   Section        0  nrf24l01.o(i.CE_Disable)
    i.CE_Enable                              0x08000344   Section        0  nrf24l01.o(i.CE_Enable)
    i.CS_Select                              0x08000354   Section        0  nrf24l01.o(i.CS_Select)
    i.CS_UnSelect                            0x08000364   Section        0  nrf24l01.o(i.CS_UnSelect)
    i.DebugMon_Handler                       0x08000374   Section        0  stm32f1xx_it.o(i.DebugMon_Handler)
    i.Error_Handler                          0x08000376   Section        0  main.o(i.Error_Handler)
    i.HAL_Delay                              0x0800037c   Section        0  stm32f1xx_hal.o(i.HAL_Delay)
    i.HAL_GPIO_Init                          0x080003a0   Section        0  stm32f1xx_hal_gpio.o(i.HAL_GPIO_Init)
    i.HAL_GPIO_TogglePin                     0x08000580   Section        0  stm32f1xx_hal_gpio.o(i.HAL_GPIO_TogglePin)
    i.HAL_GPIO_WritePin                      0x08000590   Section        0  stm32f1xx_hal_gpio.o(i.HAL_GPIO_WritePin)
    i.HAL_GetTick                            0x0800059c   Section        0  stm32f1xx_hal.o(i.HAL_GetTick)
    i.HAL_IncTick                            0x080005a8   Section        0  stm32f1xx_hal.o(i.HAL_IncTick)
    i.HAL_Init                               0x080005b8   Section        0  stm32f1xx_hal.o(i.HAL_Init)
    i.HAL_InitTick                           0x080005dc   Section        0  stm32f1xx_hal.o(i.HAL_InitTick)
    i.HAL_MspInit                            0x0800061c   Section        0  stm32f1xx_hal_msp.o(i.HAL_MspInit)
    i.HAL_NVIC_EnableIRQ                     0x08000658   Section        0  stm32f1xx_hal_cortex.o(i.HAL_NVIC_EnableIRQ)
    i.HAL_NVIC_SetPriority                   0x08000674   Section        0  stm32f1xx_hal_cortex.o(i.HAL_NVIC_SetPriority)
    i.HAL_NVIC_SetPriorityGrouping           0x080006b4   Section        0  stm32f1xx_hal_cortex.o(i.HAL_NVIC_SetPriorityGrouping)
    i.HAL_PCDEx_PMAConfig                    0x080006d8   Section        0  stm32f1xx_hal_pcd_ex.o(i.HAL_PCDEx_PMAConfig)
    i.HAL_PCDEx_SetConnectionState           0x08000714   Section        0  usbd_conf.o(i.HAL_PCDEx_SetConnectionState)
    i.HAL_PCD_DataInStageCallback            0x08000716   Section        0  usbd_conf.o(i.HAL_PCD_DataInStageCallback)
    i.HAL_PCD_DataOutStageCallback           0x08000728   Section        0  usbd_conf.o(i.HAL_PCD_DataOutStageCallback)
    i.HAL_PCD_EP_Close                       0x0800073c   Section        0  stm32f1xx_hal_pcd.o(i.HAL_PCD_EP_Close)
    i.HAL_PCD_EP_ClrStall                    0x08000788   Section        0  stm32f1xx_hal_pcd.o(i.HAL_PCD_EP_ClrStall)
    i.HAL_PCD_EP_DB_Receive                  0x080007e4   Section        0  stm32f1xx_hal_pcd.o(i.HAL_PCD_EP_DB_Receive)
    HAL_PCD_EP_DB_Receive                    0x080007e5   Thumb Code   230  stm32f1xx_hal_pcd.o(i.HAL_PCD_EP_DB_Receive)
    i.HAL_PCD_EP_DB_Transmit                 0x080008ca   Section        0  stm32f1xx_hal_pcd.o(i.HAL_PCD_EP_DB_Transmit)
    HAL_PCD_EP_DB_Transmit                   0x080008cb   Thumb Code   824  stm32f1xx_hal_pcd.o(i.HAL_PCD_EP_DB_Transmit)
    i.HAL_PCD_EP_Open                        0x08000c02   Section        0  stm32f1xx_hal_pcd.o(i.HAL_PCD_EP_Open)
    i.HAL_PCD_EP_Receive                     0x08000c5c   Section        0  stm32f1xx_hal_pcd.o(i.HAL_PCD_EP_Receive)
    i.HAL_PCD_EP_SetStall                    0x08000c8a   Section        0  stm32f1xx_hal_pcd.o(i.HAL_PCD_EP_SetStall)
    i.HAL_PCD_EP_Transmit                    0x08000cfc   Section        0  stm32f1xx_hal_pcd.o(i.HAL_PCD_EP_Transmit)
    i.HAL_PCD_IRQHandler                     0x08000d2c   Section        0  stm32f1xx_hal_pcd.o(i.HAL_PCD_IRQHandler)
    i.HAL_PCD_Init                           0x08000e60   Section        0  stm32f1xx_hal_pcd.o(i.HAL_PCD_Init)
    i.HAL_PCD_MspInit                        0x08000f3c   Section        0  usbd_conf.o(i.HAL_PCD_MspInit)
    i.HAL_PCD_ResetCallback                  0x08000f78   Section        0  usbd_conf.o(i.HAL_PCD_ResetCallback)
    i.HAL_PCD_ResumeCallback                 0x08000f9e   Section        0  usbd_conf.o(i.HAL_PCD_ResumeCallback)
    i.HAL_PCD_SOFCallback                    0x08000fa6   Section        0  usbd_conf.o(i.HAL_PCD_SOFCallback)
    i.HAL_PCD_SetAddress                     0x08000fae   Section        0  stm32f1xx_hal_pcd.o(i.HAL_PCD_SetAddress)
    i.HAL_PCD_SetupStageCallback             0x08000fd6   Section        0  usbd_conf.o(i.HAL_PCD_SetupStageCallback)
    i.HAL_PCD_Start                          0x08000fe4   Section        0  stm32f1xx_hal_pcd.o(i.HAL_PCD_Start)
    i.HAL_PCD_SuspendCallback                0x08001018   Section        0  usbd_conf.o(i.HAL_PCD_SuspendCallback)
    i.HAL_RCCEx_PeriphCLKConfig              0x0800103c   Section        0  stm32f1xx_hal_rcc_ex.o(i.HAL_RCCEx_PeriphCLKConfig)
    i.HAL_RCC_ClockConfig                    0x08001128   Section        0  stm32f1xx_hal_rcc.o(i.HAL_RCC_ClockConfig)
    i.HAL_RCC_GetSysClockFreq                0x08001254   Section        0  stm32f1xx_hal_rcc.o(i.HAL_RCC_GetSysClockFreq)
    i.HAL_RCC_OscConfig                      0x080012a0   Section        0  stm32f1xx_hal_rcc.o(i.HAL_RCC_OscConfig)
    i.HAL_SPI_Init                           0x080015c0   Section        0  stm32f1xx_hal_spi.o(i.HAL_SPI_Init)
    i.HAL_SPI_MspInit                        0x08001674   Section        0  stm32f1xx_hal_msp.o(i.HAL_SPI_MspInit)
    i.HAL_SPI_Receive                        0x080016e4   Section        0  stm32f1xx_hal_spi.o(i.HAL_SPI_Receive)
    i.HAL_SPI_Transmit                       0x0800183a   Section        0  stm32f1xx_hal_spi.o(i.HAL_SPI_Transmit)
    i.HAL_SPI_TransmitReceive                0x080019a8   Section        0  stm32f1xx_hal_spi.o(i.HAL_SPI_TransmitReceive)
    i.HAL_SYSTICK_Config                     0x08001b96   Section        0  stm32f1xx_hal_cortex.o(i.HAL_SYSTICK_Config)
    i.HardFault_Handler                      0x08001bbe   Section        0  stm32f1xx_it.o(i.HardFault_Handler)
    i.IntToUnicode                           0x08001bc0   Section        0  usbd_desc.o(i.IntToUnicode)
    IntToUnicode                             0x08001bc1   Thumb Code    56  usbd_desc.o(i.IntToUnicode)
    i.MX_GPIO_Init                           0x08001bf8   Section        0  main.o(i.MX_GPIO_Init)
    MX_GPIO_Init                             0x08001bf9   Thumb Code   186  main.o(i.MX_GPIO_Init)
    i.MX_SPI1_Init                           0x08001cc4   Section        0  main.o(i.MX_SPI1_Init)
    MX_SPI1_Init                             0x08001cc5   Thumb Code    58  main.o(i.MX_SPI1_Init)
    i.MX_USB_DEVICE_Init                     0x08001d08   Section        0  usb_device.o(i.MX_USB_DEVICE_Init)
    i.MemManage_Handler                      0x08001d48   Section        0  stm32f1xx_it.o(i.MemManage_Handler)
    i.NMI_Handler                            0x08001d4a   Section        0  stm32f1xx_it.o(i.NMI_Handler)
    i.NRF24_Init                             0x08001d4c   Section        0  nrf24l01.o(i.NRF24_Init)
    i.NRF24_Receive                          0x08001d98   Section        0  nrf24l01.o(i.NRF24_Receive)
    i.NRF24_RxMode                           0x08001de8   Section        0  nrf24l01.o(i.NRF24_RxMode)
    i.PCD_EP_ISR_Handler                     0x08001e3a   Section        0  stm32f1xx_hal_pcd.o(i.PCD_EP_ISR_Handler)
    PCD_EP_ISR_Handler                       0x08001e3b   Thumb Code   940  stm32f1xx_hal_pcd.o(i.PCD_EP_ISR_Handler)
    i.PendSV_Handler                         0x080021e6   Section        0  stm32f1xx_it.o(i.PendSV_Handler)
    i.SPI_EndRxTransaction                   0x080021e8   Section        0  stm32f1xx_hal_spi.o(i.SPI_EndRxTransaction)
    SPI_EndRxTransaction                     0x080021e9   Thumb Code    92  stm32f1xx_hal_spi.o(i.SPI_EndRxTransaction)
    i.SPI_EndRxTxTransaction                 0x08002244   Section        0  stm32f1xx_hal_spi.o(i.SPI_EndRxTxTransaction)
    SPI_EndRxTxTransaction                   0x08002245   Thumb Code    32  stm32f1xx_hal_spi.o(i.SPI_EndRxTxTransaction)
    i.SPI_WaitFlagStateUntilTimeout          0x08002264   Section        0  stm32f1xx_hal_spi.o(i.SPI_WaitFlagStateUntilTimeout)
    SPI_WaitFlagStateUntilTimeout            0x08002265   Thumb Code   180  stm32f1xx_hal_spi.o(i.SPI_WaitFlagStateUntilTimeout)
    i.SVC_Handler                            0x0800231c   Section        0  stm32f1xx_it.o(i.SVC_Handler)
    i.SysTick_Handler                        0x0800231e   Section        0  stm32f1xx_it.o(i.SysTick_Handler)
    i.SystemClock_Config                     0x08002322   Section        0  main.o(i.SystemClock_Config)
    i.SystemInit                             0x08002398   Section        0  system_stm32f1xx.o(i.SystemInit)
    i.USBD_ClrClassConfig                    0x0800239a   Section        0  usbd_core.o(i.USBD_ClrClassConfig)
    i.USBD_CtlContinueRx                     0x080023a8   Section        0  usbd_ioreq.o(i.USBD_CtlContinueRx)
    i.USBD_CtlContinueSendData               0x080023b8   Section        0  usbd_ioreq.o(i.USBD_CtlContinueSendData)
    i.USBD_CtlError                          0x080023c8   Section        0  usbd_ctlreq.o(i.USBD_CtlError)
    i.USBD_CtlReceiveStatus                  0x080023de   Section        0  usbd_ioreq.o(i.USBD_CtlReceiveStatus)
    i.USBD_CtlSendData                       0x080023f4   Section        0  usbd_ioreq.o(i.USBD_CtlSendData)
    i.USBD_CtlSendStatus                     0x0800240e   Section        0  usbd_ioreq.o(i.USBD_CtlSendStatus)
    i.USBD_FS_ConfigStrDescriptor            0x08002424   Section        0  usbd_desc.o(i.USBD_FS_ConfigStrDescriptor)
    i.USBD_FS_DeviceDescriptor               0x08002444   Section        0  usbd_desc.o(i.USBD_FS_DeviceDescriptor)
    i.USBD_FS_InterfaceStrDescriptor         0x08002450   Section        0  usbd_desc.o(i.USBD_FS_InterfaceStrDescriptor)
    i.USBD_FS_LangIDStrDescriptor            0x08002474   Section        0  usbd_desc.o(i.USBD_FS_LangIDStrDescriptor)
    i.USBD_FS_ManufacturerStrDescriptor      0x08002480   Section        0  usbd_desc.o(i.USBD_FS_ManufacturerStrDescriptor)
    i.USBD_FS_ProductStrDescriptor           0x080024a8   Section        0  usbd_desc.o(i.USBD_FS_ProductStrDescriptor)
    i.USBD_FS_SerialStrDescriptor            0x080024d4   Section        0  usbd_desc.o(i.USBD_FS_SerialStrDescriptor)
    i.USBD_GetDescriptor                     0x0800250c   Section        0  usbd_ctlreq.o(i.USBD_GetDescriptor)
    USBD_GetDescriptor                       0x0800250d   Thumb Code   232  usbd_ctlreq.o(i.USBD_GetDescriptor)
    i.USBD_GetString                         0x080025f4   Section        0  usbd_ctlreq.o(i.USBD_GetString)
    i.USBD_Get_USB_Status                    0x0800263c   Section        0  usbd_conf.o(i.USBD_Get_USB_Status)
    USBD_Get_USB_Status                      0x0800263d   Thumb Code    24  usbd_conf.o(i.USBD_Get_USB_Status)
    i.USBD_HID_DataIn                        0x08002654   Section        0  usbd_hid.o(i.USBD_HID_DataIn)
    USBD_HID_DataIn                          0x08002655   Thumb Code    12  usbd_hid.o(i.USBD_HID_DataIn)
    i.USBD_HID_DeInit                        0x08002660   Section        0  usbd_hid.o(i.USBD_HID_DeInit)
    USBD_HID_DeInit                          0x08002661   Thumb Code    32  usbd_hid.o(i.USBD_HID_DeInit)
    i.USBD_HID_GetDeviceQualifierDesc        0x08002680   Section        0  usbd_hid.o(i.USBD_HID_GetDeviceQualifierDesc)
    USBD_HID_GetDeviceQualifierDesc          0x08002681   Thumb Code     8  usbd_hid.o(i.USBD_HID_GetDeviceQualifierDesc)
    i.USBD_HID_GetFSCfgDesc                  0x0800268c   Section        0  usbd_hid.o(i.USBD_HID_GetFSCfgDesc)
    USBD_HID_GetFSCfgDesc                    0x0800268d   Thumb Code     8  usbd_hid.o(i.USBD_HID_GetFSCfgDesc)
    i.USBD_HID_GetHSCfgDesc                  0x08002698   Section        0  usbd_hid.o(i.USBD_HID_GetHSCfgDesc)
    USBD_HID_GetHSCfgDesc                    0x08002699   Thumb Code     8  usbd_hid.o(i.USBD_HID_GetHSCfgDesc)
    i.USBD_HID_GetOtherSpeedCfgDesc          0x080026a4   Section        0  usbd_hid.o(i.USBD_HID_GetOtherSpeedCfgDesc)
    USBD_HID_GetOtherSpeedCfgDesc            0x080026a5   Thumb Code     8  usbd_hid.o(i.USBD_HID_GetOtherSpeedCfgDesc)
    i.USBD_HID_Init                          0x080026b0   Section        0  usbd_hid.o(i.USBD_HID_Init)
    USBD_HID_Init                            0x080026b1   Thumb Code    42  usbd_hid.o(i.USBD_HID_Init)
    i.USBD_HID_SendReport                    0x080026da   Section        0  usbd_hid.o(i.USBD_HID_SendReport)
    i.USBD_HID_Setup                         0x08002700   Section        0  usbd_hid.o(i.USBD_HID_Setup)
    USBD_HID_Setup                           0x08002701   Thumb Code   196  usbd_hid.o(i.USBD_HID_Setup)
    i.USBD_Init                              0x080027c8   Section        0  usbd_core.o(i.USBD_Init)
    i.USBD_LL_ClearStallEP                   0x080027f2   Section        0  usbd_conf.o(i.USBD_LL_ClearStallEP)
    i.USBD_LL_CloseEP                        0x08002804   Section        0  usbd_conf.o(i.USBD_LL_CloseEP)
    i.USBD_LL_DataInStage                    0x08002816   Section        0  usbd_core.o(i.USBD_LL_DataInStage)
    i.USBD_LL_DataOutStage                   0x080028dc   Section        0  usbd_core.o(i.USBD_LL_DataOutStage)
    i.USBD_LL_Init                           0x08002960   Section        0  usbd_conf.o(i.USBD_LL_Init)
    i.USBD_LL_IsStallEP                      0x080029c8   Section        0  usbd_conf.o(i.USBD_LL_IsStallEP)
    i.USBD_LL_OpenEP                         0x080029e8   Section        0  usbd_conf.o(i.USBD_LL_OpenEP)
    i.USBD_LL_PrepareReceive                 0x08002a00   Section        0  usbd_conf.o(i.USBD_LL_PrepareReceive)
    i.USBD_LL_Reset                          0x08002a12   Section        0  usbd_core.o(i.USBD_LL_Reset)
    i.USBD_LL_Resume                         0x08002a62   Section        0  usbd_core.o(i.USBD_LL_Resume)
    i.USBD_LL_SOF                            0x08002a76   Section        0  usbd_core.o(i.USBD_LL_SOF)
    i.USBD_LL_SetSpeed                       0x08002a8e   Section        0  usbd_core.o(i.USBD_LL_SetSpeed)
    i.USBD_LL_SetUSBAddress                  0x08002a94   Section        0  usbd_conf.o(i.USBD_LL_SetUSBAddress)
    i.USBD_LL_SetupStage                     0x08002aa6   Section        0  usbd_core.o(i.USBD_LL_SetupStage)
    i.USBD_LL_StallEP                        0x08002b00   Section        0  usbd_conf.o(i.USBD_LL_StallEP)
    i.USBD_LL_Start                          0x08002b12   Section        0  usbd_conf.o(i.USBD_LL_Start)
    i.USBD_LL_Suspend                        0x08002b24   Section        0  usbd_core.o(i.USBD_LL_Suspend)
    i.USBD_LL_Transmit                       0x08002b36   Section        0  usbd_conf.o(i.USBD_LL_Transmit)
    i.USBD_ParseSetupRequest                 0x08002b48   Section        0  usbd_ctlreq.o(i.USBD_ParseSetupRequest)
    i.USBD_RegisterClass                     0x08002b70   Section        0  usbd_core.o(i.USBD_RegisterClass)
    i.USBD_SetClassConfig                    0x08002b80   Section        0  usbd_core.o(i.USBD_SetClassConfig)
    i.USBD_SetConfig                         0x08002b98   Section        0  usbd_ctlreq.o(i.USBD_SetConfig)
    USBD_SetConfig                           0x08002b99   Thumb Code   128  usbd_ctlreq.o(i.USBD_SetConfig)
    i.USBD_Start                             0x08002c1c   Section        0  usbd_core.o(i.USBD_Start)
    i.USBD_StdDevReq                         0x08002c26   Section        0  usbd_ctlreq.o(i.USBD_StdDevReq)
    i.USBD_StdEPReq                          0x08002d38   Section        0  usbd_ctlreq.o(i.USBD_StdEPReq)
    i.USBD_StdItfReq                         0x08002e88   Section        0  usbd_ctlreq.o(i.USBD_StdItfReq)
    i.USBD_static_free                       0x08002ed6   Section        0  usbd_conf.o(i.USBD_static_free)
    i.USBD_static_malloc                     0x08002ed8   Section        0  usbd_conf.o(i.USBD_static_malloc)
    i.USB_ActivateEndpoint                   0x08002ee0   Section        0  stm32f1xx_ll_usb.o(i.USB_ActivateEndpoint)
    i.USB_CoreInit                           0x0800317c   Section        0  stm32f1xx_ll_usb.o(i.USB_CoreInit)
    i.USB_DeactivateEndpoint                 0x08003180   Section        0  stm32f1xx_ll_usb.o(i.USB_DeactivateEndpoint)
    i.USB_DevConnect                         0x0800328e   Section        0  stm32f1xx_ll_usb.o(i.USB_DevConnect)
    i.USB_DevDisconnect                      0x08003292   Section        0  stm32f1xx_ll_usb.o(i.USB_DevDisconnect)
    i.USB_DevInit                            0x08003296   Section        0  stm32f1xx_ll_usb.o(i.USB_DevInit)
    i.USB_DisableGlobalInt                   0x080032a8   Section        0  stm32f1xx_ll_usb.o(i.USB_DisableGlobalInt)
    i.USB_EP0_OutStart                       0x080032b6   Section        0  stm32f1xx_ll_usb.o(i.USB_EP0_OutStart)
    i.USB_EPClearStall                       0x080032ba   Section        0  stm32f1xx_ll_usb.o(i.USB_EPClearStall)
    i.USB_EPSetStall                         0x08003332   Section        0  stm32f1xx_ll_usb.o(i.USB_EPSetStall)
    i.USB_EPStartXfer                        0x08003364   Section        0  stm32f1xx_ll_usb.o(i.USB_EPStartXfer)
    i.USB_EnableGlobalInt                    0x08003846   Section        0  stm32f1xx_ll_usb.o(i.USB_EnableGlobalInt)
    i.USB_LP_CAN1_RX0_IRQHandler             0x08003858   Section        0  stm32f1xx_it.o(i.USB_LP_CAN1_RX0_IRQHandler)
    i.USB_ReadInterrupts                     0x08003864   Section        0  stm32f1xx_ll_usb.o(i.USB_ReadInterrupts)
    i.USB_ReadPMA                            0x0800386c   Section        0  stm32f1xx_ll_usb.o(i.USB_ReadPMA)
    i.USB_SetCurrentMode                     0x08003898   Section        0  stm32f1xx_ll_usb.o(i.USB_SetCurrentMode)
    i.USB_SetDevAddress                      0x0800389c   Section        0  stm32f1xx_ll_usb.o(i.USB_SetDevAddress)
    i.USB_WritePMA                           0x080038a8   Section        0  stm32f1xx_ll_usb.o(i.USB_WritePMA)
    i.UsageFault_Handler                     0x080038ce   Section        0  stm32f1xx_it.o(i.UsageFault_Handler)
    i.__NVIC_SetPriority                     0x080038d0   Section        0  stm32f1xx_hal_cortex.o(i.__NVIC_SetPriority)
    __NVIC_SetPriority                       0x080038d1   Thumb Code    32  stm32f1xx_hal_cortex.o(i.__NVIC_SetPriority)
    i.convert_Data                           0x080038f0   Section        0  main.o(i.convert_Data)
    i.isDataAvailable                        0x0800397c   Section        0  nrf24l01.o(i.isDataAvailable)
    i.main                                   0x080039a0   Section        0  main.o(i.main)
    i.map                                    0x08003a10   Section        0  main.o(i.map)
    i.nrf24_Read_Register                    0x08003a24   Section        0  nrf24l01.o(i.nrf24_Read_Register)
    i.nrf24_Read_Register_Multiple           0x08003a58   Section        0  nrf24l01.o(i.nrf24_Read_Register_Multiple)
    i.nrf24_Send_Cmd                         0x08003a88   Section        0  nrf24l01.o(i.nrf24_Send_Cmd)
    i.nrf24_Write_Register                   0x08003aa4   Section        0  nrf24l01.o(i.nrf24_Write_Register)
    i.nrf24_Write_Register_Multiple          0x08003ad0   Section        0  nrf24l01.o(i.nrf24_Write_Register_Multiple)
    i.nrf24_reset                            0x08003b08   Section        0  nrf24l01.o(i.nrf24_reset)
    .constdata                               0x08003c34   Section       18  stm32f1xx_hal_rcc.o(.constdata)
    aPredivFactorTable                       0x08003c34   Data           2  stm32f1xx_hal_rcc.o(.constdata)
    aPLLMULFactorTable                       0x08003c36   Data          16  stm32f1xx_hal_rcc.o(.constdata)
    .constdata                               0x08003c46   Section       16  system_stm32f1xx.o(.constdata)
    .data                                    0x20000000   Section        9  main.o(.data)
    .data                                    0x2000000c   Section       28  usbd_desc.o(.data)
    .data                                    0x20000028   Section       50  usbd_desc.o(.data)
    .data                                    0x2000005c   Section       12  stm32f1xx_hal.o(.data)
    .data                                    0x20000068   Section        4  system_stm32f1xx.o(.data)
    .data                                    0x2000006c   Section        1  usbd_ctlreq.o(.data)
    cfgidx                                   0x2000006c   Data           1  usbd_ctlreq.o(.data)
    .data                                    0x20000070   Section       56  usbd_hid.o(.data)
    .data                                    0x200000a8   Section      206  usbd_hid.o(.data)
    USBD_HID_CfgFSDesc                       0x200000a8   Data          34  usbd_hid.o(.data)
    USBD_HID_CfgHSDesc                       0x200000cc   Data          34  usbd_hid.o(.data)
    USBD_HID_OtherSpeedCfgDesc               0x200000f0   Data          34  usbd_hid.o(.data)
    USBD_HID_Desc                            0x20000114   Data           9  usbd_hid.o(.data)
    USBD_HID_DeviceQualifierDesc             0x20000120   Data          10  usbd_hid.o(.data)
    HID_MOUSE_ReportDesc                     0x2000012c   Data          74  usbd_hid.o(.data)
    .bss                                     0x20000178   Section      120  main.o(.bss)
    .bss                                     0x200001f0   Section      708  usb_device.o(.bss)
    .bss                                     0x200004b4   Section      512  usbd_desc.o(.bss)
    .bss                                     0x200006b4   Section      772  usbd_conf.o(.bss)
    mem                                      0x200006b4   Data          20  usbd_conf.o(.bss)
    .bss                                     0x200009b8   Section       96  libspace.o(.bss)
    HEAP                                     0x20000a18   Section      512  startup_stm32f103xb.o(HEAP)
    Heap_Mem                                 0x20000a18   Data         512  startup_stm32f103xb.o(HEAP)
    STACK                                    0x20000c18   Section     1024  startup_stm32f103xb.o(STACK)
    Stack_Mem                                0x20000c18   Data        1024  startup_stm32f103xb.o(STACK)
    __initial_sp                             0x20001018   Data           0  startup_stm32f103xb.o(STACK)

    Global Symbols

    Symbol Name                              Value     Ov Type        Size  Object(Section)

    BuildAttributes$$THM_ISAv4$P$D$K$B$S$PE$A:L22UL41UL21$X:L11$S22US41US21$IEEE1$IW$USESV6$~STKCKD$USESV7$~SHL$OSPACE$ROPI$EBA8$UX$STANDARDLIB$REQ8$PRES8$EABIv2 0x00000000   Number         0  anon$$obj.o ABSOLUTE
    __ARM_use_no_argv                        0x00000000   Number         0  main.o ABSOLUTE
    __ARM_exceptions_init                     - Undefined Weak Reference
    __alloca_initialize                       - Undefined Weak Reference
    __arm_fini_                               - Undefined Weak Reference
    __arm_preinit_                            - Undefined Weak Reference
    __cpp_initialize__aeabi_                  - Undefined Weak Reference
    __cxa_finalize                            - Undefined Weak Reference
    __rt_locale                               - Undefined Weak Reference
    __sigvec_lookup                           - Undefined Weak Reference
    _atexit_init                              - Undefined Weak Reference
    _call_atexit_fns                          - Undefined Weak Reference
    _clock_init                               - Undefined Weak Reference
    _fp_trap_init                             - Undefined Weak Reference
    _fp_trap_shutdown                         - Undefined Weak Reference
    _get_lc_collate                           - Undefined Weak Reference
    _get_lc_ctype                             - Undefined Weak Reference
    _get_lc_monetary                          - Undefined Weak Reference
    _get_lc_numeric                           - Undefined Weak Reference
    _get_lc_time                              - Undefined Weak Reference
    _getenv_init                              - Undefined Weak Reference
    _handle_redirection                       - Undefined Weak Reference
    _init_alloc                               - Undefined Weak Reference
    _init_user_alloc                          - Undefined Weak Reference
    _initio                                   - Undefined Weak Reference
    _rand_init                                - Undefined Weak Reference
    _signal_finish                            - Undefined Weak Reference
    _signal_init                              - Undefined Weak Reference
    _terminate_alloc                          - Undefined Weak Reference
    _terminate_user_alloc                     - Undefined Weak Reference
    _terminateio                              - Undefined Weak Reference
    __Vectors_Size                           0x000000ec   Number         0  startup_stm32f103xb.o ABSOLUTE
    __Vectors                                0x08000000   Data           4  startup_stm32f103xb.o(RESET)
    __Vectors_End                            0x080000ec   Data           0  startup_stm32f103xb.o(RESET)
    __main                                   0x080000ed   Thumb Code     8  __main.o(!!!main)
    __scatterload                            0x080000f5   Thumb Code     0  __scatter.o(!!!scatter)
    __scatterload_rt2                        0x080000f5   Thumb Code    44  __scatter.o(!!!scatter)
    __scatterload_rt2_thumb_only             0x080000f5   Thumb Code     0  __scatter.o(!!!scatter)
    __scatterload_null                       0x08000103   Thumb Code     0  __scatter.o(!!!scatter)
    __decompress                             0x08000129   Thumb Code    90  __dczerorl2.o(!!dczerorl2)
    __decompress1                            0x08000129   Thumb Code     0  __dczerorl2.o(!!dczerorl2)
    __scatterload_zeroinit                   0x08000185   Thumb Code    28  __scatter_zi.o(!!handler_zi)
    __rt_lib_init                            0x080001a1   Thumb Code     0  libinit.o(.ARM.Collect$$libinit$$00000000)
    __rt_lib_init_alloca_1                   0x080001a3   Thumb Code     0  libinit2.o(.ARM.Collect$$libinit$$0000002E)
    __rt_lib_init_argv_1                     0x080001a3   Thumb Code     0  libinit2.o(.ARM.Collect$$libinit$$0000002C)
    __rt_lib_init_atexit_1                   0x080001a3   Thumb Code     0  libinit2.o(.ARM.Collect$$libinit$$0000001B)
    __rt_lib_init_clock_1                    0x080001a3   Thumb Code     0  libinit2.o(.ARM.Collect$$libinit$$00000021)
    __rt_lib_init_cpp_1                      0x080001a3   Thumb Code     0  libinit2.o(.ARM.Collect$$libinit$$00000032)
    __rt_lib_init_exceptions_1               0x080001a3   Thumb Code     0  libinit2.o(.ARM.Collect$$libinit$$00000030)
    __rt_lib_init_fp_1                       0x080001a3   Thumb Code     0  libinit2.o(.ARM.Collect$$libinit$$00000002)
    __rt_lib_init_fp_trap_1                  0x080001a3   Thumb Code     0  libinit2.o(.ARM.Collect$$libinit$$0000001F)
    __rt_lib_init_getenv_1                   0x080001a3   Thumb Code     0  libinit2.o(.ARM.Collect$$libinit$$00000023)
    __rt_lib_init_heap_1                     0x080001a3   Thumb Code     0  libinit2.o(.ARM.Collect$$libinit$$0000000A)
    __rt_lib_init_lc_collate_1               0x080001a3   Thumb Code     0  libinit2.o(.ARM.Collect$$libinit$$00000011)
    __rt_lib_init_lc_ctype_1                 0x080001a3   Thumb Code     0  libinit2.o(.ARM.Collect$$libinit$$00000013)
    __rt_lib_init_lc_monetary_1              0x080001a3   Thumb Code     0  libinit2.o(.ARM.Collect$$libinit$$00000015)
    __rt_lib_init_lc_numeric_1               0x080001a3   Thumb Code     0  libinit2.o(.ARM.Collect$$libinit$$00000017)
    __rt_lib_init_lc_time_1                  0x080001a3   Thumb Code     0  libinit2.o(.ARM.Collect$$libinit$$00000019)
    __rt_lib_init_preinit_1                  0x080001a3   Thumb Code     0  libinit2.o(.ARM.Collect$$libinit$$00000004)
    __rt_lib_init_rand_1                     0x080001a3   Thumb Code     0  libinit2.o(.ARM.Collect$$libinit$$0000000E)
    __rt_lib_init_return                     0x080001a3   Thumb Code     0  libinit2.o(.ARM.Collect$$libinit$$00000033)
    __rt_lib_init_signal_1                   0x080001a3   Thumb Code     0  libinit2.o(.ARM.Collect$$libinit$$0000001D)
    __rt_lib_init_stdio_1                    0x080001a3   Thumb Code     0  libinit2.o(.ARM.Collect$$libinit$$00000025)
    __rt_lib_init_user_alloc_1               0x080001a3   Thumb Code     0  libinit2.o(.ARM.Collect$$libinit$$0000000C)
    __rt_lib_shutdown                        0x080001a5   Thumb Code     0  libshutdown.o(.ARM.Collect$$libshutdown$$00000000)
    __rt_lib_shutdown_cpp_1                  0x080001a7   Thumb Code     0  libshutdown2.o(.ARM.Collect$$libshutdown$$00000004)
    __rt_lib_shutdown_fini_1                 0x080001a7   Thumb Code     0  libshutdown2.o(.ARM.Collect$$libshutdown$$00000002)
    __rt_lib_shutdown_fp_trap_1              0x080001a7   Thumb Code     0  libshutdown2.o(.ARM.Collect$$libshutdown$$00000009)
    __rt_lib_shutdown_heap_1                 0x080001a7   Thumb Code     0  libshutdown2.o(.ARM.Collect$$libshutdown$$00000011)
    __rt_lib_shutdown_return                 0x080001a7   Thumb Code     0  libshutdown2.o(.ARM.Collect$$libshutdown$$00000012)
    __rt_lib_shutdown_signal_1               0x080001a7   Thumb Code     0  libshutdown2.o(.ARM.Collect$$libshutdown$$0000000C)
    __rt_lib_shutdown_stdio_1                0x080001a7   Thumb Code     0  libshutdown2.o(.ARM.Collect$$libshutdown$$00000006)
    __rt_lib_shutdown_user_alloc_1           0x080001a7   Thumb Code     0  libshutdown2.o(.ARM.Collect$$libshutdown$$0000000E)
    __rt_entry                               0x080001a9   Thumb Code     0  __rtentry.o(.ARM.Collect$$rtentry$$00000000)
    __rt_entry_presh_1                       0x080001a9   Thumb Code     0  __rtentry2.o(.ARM.Collect$$rtentry$$00000002)
    __rt_entry_sh                            0x080001a9   Thumb Code     0  __rtentry4.o(.ARM.Collect$$rtentry$$00000004)
    __rt_entry_li                            0x080001af   Thumb Code     0  __rtentry2.o(.ARM.Collect$$rtentry$$0000000A)
    __rt_entry_postsh_1                      0x080001af   Thumb Code     0  __rtentry2.o(.ARM.Collect$$rtentry$$00000009)
    __rt_entry_main                          0x080001b3   Thumb Code     0  __rtentry2.o(.ARM.Collect$$rtentry$$0000000D)
    __rt_entry_postli_1                      0x080001b3   Thumb Code     0  __rtentry2.o(.ARM.Collect$$rtentry$$0000000C)
    __rt_exit                                0x080001bb   Thumb Code     0  rtexit.o(.ARM.Collect$$rtexit$$00000000)
    __rt_exit_ls                             0x080001bd   Thumb Code     0  rtexit2.o(.ARM.Collect$$rtexit$$00000003)
    __rt_exit_prels_1                        0x080001bd   Thumb Code     0  rtexit2.o(.ARM.Collect$$rtexit$$00000002)
    __rt_exit_exit                           0x080001c1   Thumb Code     0  rtexit2.o(.ARM.Collect$$rtexit$$00000004)
    Reset_Handler                            0x080001c9   Thumb Code     8  startup_stm32f103xb.o(.text)
    ADC1_2_IRQHandler                        0x080001e3   Thumb Code     0  startup_stm32f103xb.o(.text)
    CAN1_RX1_IRQHandler                      0x080001e3   Thumb Code     0  startup_stm32f103xb.o(.text)
    CAN1_SCE_IRQHandler                      0x080001e3   Thumb Code     0  startup_stm32f103xb.o(.text)
    DMA1_Channel1_IRQHandler                 0x080001e3   Thumb Code     0  startup_stm32f103xb.o(.text)
    DMA1_Channel2_IRQHandler                 0x080001e3   Thumb Code     0  startup_stm32f103xb.o(.text)
    DMA1_Channel3_IRQHandler                 0x080001e3   Thumb Code     0  startup_stm32f103xb.o(.text)
    DMA1_Channel4_IRQHandler                 0x080001e3   Thumb Code     0  startup_stm32f103xb.o(.text)
    DMA1_Channel5_IRQHandler                 0x080001e3   Thumb Code     0  startup_stm32f103xb.o(.text)
    DMA1_Channel6_IRQHandler                 0x080001e3   Thumb Code     0  startup_stm32f103xb.o(.text)
    DMA1_Channel7_IRQHandler                 0x080001e3   Thumb Code     0  startup_stm32f103xb.o(.text)
    EXTI0_IRQHandler                         0x080001e3   Thumb Code     0  startup_stm32f103xb.o(.text)
    EXTI15_10_IRQHandler                     0x080001e3   Thumb Code     0  startup_stm32f103xb.o(.text)
    EXTI1_IRQHandler                         0x080001e3   Thumb Code     0  startup_stm32f103xb.o(.text)
    EXTI2_IRQHandler                         0x080001e3   Thumb Code     0  startup_stm32f103xb.o(.text)
    EXTI3_IRQHandler                         0x080001e3   Thumb Code     0  startup_stm32f103xb.o(.text)
    EXTI4_IRQHandler                         0x080001e3   Thumb Code     0  startup_stm32f103xb.o(.text)
    EXTI9_5_IRQHandler                       0x080001e3   Thumb Code     0  startup_stm32f103xb.o(.text)
    FLASH_IRQHandler                         0x080001e3   Thumb Code     0  startup_stm32f103xb.o(.text)
    I2C1_ER_IRQHandler                       0x080001e3   Thumb Code     0  startup_stm32f103xb.o(.text)
    I2C1_EV_IRQHandler                       0x080001e3   Thumb Code     0  startup_stm32f103xb.o(.text)
    I2C2_ER_IRQHandler                       0x080001e3   Thumb Code     0  startup_stm32f103xb.o(.text)
    I2C2_EV_IRQHandler                       0x080001e3   Thumb Code     0  startup_stm32f103xb.o(.text)
    PVD_IRQHandler                           0x080001e3   Thumb Code     0  startup_stm32f103xb.o(.text)
    RCC_IRQHandler                           0x080001e3   Thumb Code     0  startup_stm32f103xb.o(.text)
    RTC_Alarm_IRQHandler                     0x080001e3   Thumb Code     0  startup_stm32f103xb.o(.text)
    RTC_IRQHandler                           0x080001e3   Thumb Code     0  startup_stm32f103xb.o(.text)
    SPI1_IRQHandler                          0x080001e3   Thumb Code     0  startup_stm32f103xb.o(.text)
    SPI2_IRQHandler                          0x080001e3   Thumb Code     0  startup_stm32f103xb.o(.text)
    TAMPER_IRQHandler                        0x080001e3   Thumb Code     0  startup_stm32f103xb.o(.text)
    TIM1_BRK_IRQHandler                      0x080001e3   Thumb Code     0  startup_stm32f103xb.o(.text)
    TIM1_CC_IRQHandler                       0x080001e3   Thumb Code     0  startup_stm32f103xb.o(.text)
    TIM1_TRG_COM_IRQHandler                  0x080001e3   Thumb Code     0  startup_stm32f103xb.o(.text)
    TIM1_UP_IRQHandler                       0x080001e3   Thumb Code     0  startup_stm32f103xb.o(.text)
    TIM2_IRQHandler                          0x080001e3   Thumb Code     0  startup_stm32f103xb.o(.text)
    TIM3_IRQHandler                          0x080001e3   Thumb Code     0  startup_stm32f103xb.o(.text)
    TIM4_IRQHandler                          0x080001e3   Thumb Code     0  startup_stm32f103xb.o(.text)
    USART1_IRQHandler                        0x080001e3   Thumb Code     0  startup_stm32f103xb.o(.text)
    USART2_IRQHandler                        0x080001e3   Thumb Code     0  startup_stm32f103xb.o(.text)
    USART3_IRQHandler                        0x080001e3   Thumb Code     0  startup_stm32f103xb.o(.text)
    USBWakeUp_IRQHandler                     0x080001e3   Thumb Code     0  startup_stm32f103xb.o(.text)
    USB_HP_CAN1_TX_IRQHandler                0x080001e3   Thumb Code     0  startup_stm32f103xb.o(.text)
    WWDG_IRQHandler                          0x080001e3   Thumb Code     0  startup_stm32f103xb.o(.text)
    __user_initial_stackheap                 0x080001e5   Thumb Code     0  startup_stm32f103xb.o(.text)
    __aeabi_memcpy4                          0x08000209   Thumb Code     0  rt_memcpy_w.o(.text)
    __aeabi_memcpy8                          0x08000209   Thumb Code     0  rt_memcpy_w.o(.text)
    __rt_memcpy_w                            0x08000209   Thumb Code   100  rt_memcpy_w.o(.text)
    _memcpy_lastbytes_aligned                0x08000251   Thumb Code     0  rt_memcpy_w.o(.text)
    __aeabi_memclr4                          0x0800026d   Thumb Code     0  rt_memclr_w.o(.text)
    __aeabi_memclr8                          0x0800026d   Thumb Code     0  rt_memclr_w.o(.text)
    __rt_memclr_w                            0x0800026d   Thumb Code    78  rt_memclr_w.o(.text)
    _memset_w                                0x08000271   Thumb Code     0  rt_memclr_w.o(.text)
    __use_two_region_memory                  0x080002bb   Thumb Code     2  heapauxi.o(.text)
    __rt_heap_escrow$2region                 0x080002bd   Thumb Code     2  heapauxi.o(.text)
    __rt_heap_expand$2region                 0x080002bf   Thumb Code     2  heapauxi.o(.text)
    __user_setup_stackheap                   0x080002c1   Thumb Code    74  sys_stackheap_outer.o(.text)
    exit                                     0x0800030b   Thumb Code    18  exit.o(.text)
    __user_libspace                          0x0800031d   Thumb Code     8  libspace.o(.text)
    __user_perproc_libspace                  0x0800031d   Thumb Code     0  libspace.o(.text)
    __user_perthread_libspace                0x0800031d   Thumb Code     0  libspace.o(.text)
    _sys_exit                                0x08000325   Thumb Code     8  sys_exit.o(.text)
    __I$use$semihosting                      0x08000331   Thumb Code     0  use_no_semi.o(.text)
    __use_no_semihosting_swi                 0x08000331   Thumb Code     2  use_no_semi.o(.text)
    BusFault_Handler                         0x08000333   Thumb Code     2  stm32f1xx_it.o(i.BusFault_Handler)
    __semihosting_library_function           0x08000333   Thumb Code     0  indicate_semi.o(.text)
    CE_Disable                               0x08000335   Thumb Code    10  nrf24l01.o(i.CE_Disable)
    CE_Enable                                0x08000345   Thumb Code    10  nrf24l01.o(i.CE_Enable)
    CS_Select                                0x08000355   Thumb Code    10  nrf24l01.o(i.CS_Select)
    CS_UnSelect                              0x08000365   Thumb Code    10  nrf24l01.o(i.CS_UnSelect)
    DebugMon_Handler                         0x08000375   Thumb Code     2  stm32f1xx_it.o(i.DebugMon_Handler)
    Error_Handler                            0x08000377   Thumb Code     4  main.o(i.Error_Handler)
    HAL_Delay                                0x0800037d   Thumb Code    32  stm32f1xx_hal.o(i.HAL_Delay)
    HAL_GPIO_Init                            0x080003a1   Thumb Code   446  stm32f1xx_hal_gpio.o(i.HAL_GPIO_Init)
    HAL_GPIO_TogglePin                       0x08000581   Thumb Code    16  stm32f1xx_hal_gpio.o(i.HAL_GPIO_TogglePin)
    HAL_GPIO_WritePin                        0x08000591   Thumb Code    10  stm32f1xx_hal_gpio.o(i.HAL_GPIO_WritePin)
    HAL_GetTick                              0x0800059d   Thumb Code     6  stm32f1xx_hal.o(i.HAL_GetTick)
    HAL_IncTick                              0x080005a9   Thumb Code    12  stm32f1xx_hal.o(i.HAL_IncTick)
    HAL_Init                                 0x080005b9   Thumb Code    32  stm32f1xx_hal.o(i.HAL_Init)
    HAL_InitTick                             0x080005dd   Thumb Code    54  stm32f1xx_hal.o(i.HAL_InitTick)
    HAL_MspInit                              0x0800061d   Thumb Code    52  stm32f1xx_hal_msp.o(i.HAL_MspInit)
    HAL_NVIC_EnableIRQ                       0x08000659   Thumb Code    26  stm32f1xx_hal_cortex.o(i.HAL_NVIC_EnableIRQ)
    HAL_NVIC_SetPriority                     0x08000675   Thumb Code    60  stm32f1xx_hal_cortex.o(i.HAL_NVIC_SetPriority)
    HAL_NVIC_SetPriorityGrouping             0x080006b5   Thumb Code    26  stm32f1xx_hal_cortex.o(i.HAL_NVIC_SetPriorityGrouping)
    HAL_PCDEx_PMAConfig                      0x080006d9   Thumb Code    60  stm32f1xx_hal_pcd_ex.o(i.HAL_PCDEx_PMAConfig)
    HAL_PCDEx_SetConnectionState             0x08000715   Thumb Code     2  usbd_conf.o(i.HAL_PCDEx_SetConnectionState)
    HAL_PCD_DataInStageCallback              0x08000717   Thumb Code    18  usbd_conf.o(i.HAL_PCD_DataInStageCallback)
    HAL_PCD_DataOutStageCallback             0x08000729   Thumb Code    20  usbd_conf.o(i.HAL_PCD_DataOutStageCallback)
    HAL_PCD_EP_Close                         0x0800073d   Thumb Code    76  stm32f1xx_hal_pcd.o(i.HAL_PCD_EP_Close)
    HAL_PCD_EP_ClrStall                      0x08000789   Thumb Code    92  stm32f1xx_hal_pcd.o(i.HAL_PCD_EP_ClrStall)
    HAL_PCD_EP_Open                          0x08000c03   Thumb Code    90  stm32f1xx_hal_pcd.o(i.HAL_PCD_EP_Open)
    HAL_PCD_EP_Receive                       0x08000c5d   Thumb Code    46  stm32f1xx_hal_pcd.o(i.HAL_PCD_EP_Receive)
    HAL_PCD_EP_SetStall                      0x08000c8b   Thumb Code   114  stm32f1xx_hal_pcd.o(i.HAL_PCD_EP_SetStall)
    HAL_PCD_EP_Transmit                      0x08000cfd   Thumb Code    48  stm32f1xx_hal_pcd.o(i.HAL_PCD_EP_Transmit)
    HAL_PCD_IRQHandler                       0x08000d2d   Thumb Code   308  stm32f1xx_hal_pcd.o(i.HAL_PCD_IRQHandler)
    HAL_PCD_Init                             0x08000e61   Thumb Code   218  stm32f1xx_hal_pcd.o(i.HAL_PCD_Init)
    HAL_PCD_MspInit                          0x08000f3d   Thumb Code    50  usbd_conf.o(i.HAL_PCD_MspInit)
    HAL_PCD_ResetCallback                    0x08000f79   Thumb Code    38  usbd_conf.o(i.HAL_PCD_ResetCallback)
    HAL_PCD_ResumeCallback                   0x08000f9f   Thumb Code     8  usbd_conf.o(i.HAL_PCD_ResumeCallback)
    HAL_PCD_SOFCallback                      0x08000fa7   Thumb Code     8  usbd_conf.o(i.HAL_PCD_SOFCallback)
    HAL_PCD_SetAddress                       0x08000faf   Thumb Code    40  stm32f1xx_hal_pcd.o(i.HAL_PCD_SetAddress)
    HAL_PCD_SetupStageCallback               0x08000fd7   Thumb Code    14  usbd_conf.o(i.HAL_PCD_SetupStageCallback)
    HAL_PCD_Start                            0x08000fe5   Thumb Code    50  stm32f1xx_hal_pcd.o(i.HAL_PCD_Start)
    HAL_PCD_SuspendCallback                  0x08001019   Thumb Code    30  usbd_conf.o(i.HAL_PCD_SuspendCallback)
    HAL_RCCEx_PeriphCLKConfig                0x0800103d   Thumb Code   224  stm32f1xx_hal_rcc_ex.o(i.HAL_RCCEx_PeriphCLKConfig)
    HAL_RCC_ClockConfig                      0x08001129   Thumb Code   280  stm32f1xx_hal_rcc.o(i.HAL_RCC_ClockConfig)
    HAL_RCC_GetSysClockFreq                  0x08001255   Thumb Code    58  stm32f1xx_hal_rcc.o(i.HAL_RCC_GetSysClockFreq)
    HAL_RCC_OscConfig                        0x080012a1   Thumb Code   778  stm32f1xx_hal_rcc.o(i.HAL_RCC_OscConfig)
    HAL_SPI_Init                             0x080015c1   Thumb Code   178  stm32f1xx_hal_spi.o(i.HAL_SPI_Init)
    HAL_SPI_MspInit                          0x08001675   Thumb Code    98  stm32f1xx_hal_msp.o(i.HAL_SPI_MspInit)
    HAL_SPI_Receive                          0x080016e5   Thumb Code   342  stm32f1xx_hal_spi.o(i.HAL_SPI_Receive)
    HAL_SPI_Transmit                         0x0800183b   Thumb Code   366  stm32f1xx_hal_spi.o(i.HAL_SPI_Transmit)
    HAL_SPI_TransmitReceive                  0x080019a9   Thumb Code   494  stm32f1xx_hal_spi.o(i.HAL_SPI_TransmitReceive)
    HAL_SYSTICK_Config                       0x08001b97   Thumb Code    40  stm32f1xx_hal_cortex.o(i.HAL_SYSTICK_Config)
    HardFault_Handler                        0x08001bbf   Thumb Code     2  stm32f1xx_it.o(i.HardFault_Handler)
    MX_USB_DEVICE_Init                       0x08001d09   Thumb Code    52  usb_device.o(i.MX_USB_DEVICE_Init)
    MemManage_Handler                        0x08001d49   Thumb Code     2  stm32f1xx_it.o(i.MemManage_Handler)
    NMI_Handler                              0x08001d4b   Thumb Code     2  stm32f1xx_it.o(i.NMI_Handler)
    NRF24_Init                               0x08001d4d   Thumb Code    76  nrf24l01.o(i.NRF24_Init)
    NRF24_Receive                            0x08001d99   Thumb Code    74  nrf24l01.o(i.NRF24_Receive)
    NRF24_RxMode                             0x08001de9   Thumb Code    82  nrf24l01.o(i.NRF24_RxMode)
    PendSV_Handler                           0x080021e7   Thumb Code     2  stm32f1xx_it.o(i.PendSV_Handler)
    SVC_Handler                              0x0800231d   Thumb Code     2  stm32f1xx_it.o(i.SVC_Handler)
    SysTick_Handler                          0x0800231f   Thumb Code     4  stm32f1xx_it.o(i.SysTick_Handler)
    SystemClock_Config                       0x08002323   Thumb Code   118  main.o(i.SystemClock_Config)
    SystemInit                               0x08002399   Thumb Code     2  system_stm32f1xx.o(i.SystemInit)
    USBD_ClrClassConfig                      0x0800239b   Thumb Code    14  usbd_core.o(i.USBD_ClrClassConfig)
    USBD_CtlContinueRx                       0x080023a9   Thumb Code    16  usbd_ioreq.o(i.USBD_CtlContinueRx)
    USBD_CtlContinueSendData                 0x080023b9   Thumb Code    16  usbd_ioreq.o(i.USBD_CtlContinueSendData)
    USBD_CtlError                            0x080023c9   Thumb Code    22  usbd_ctlreq.o(i.USBD_CtlError)
    USBD_CtlReceiveStatus                    0x080023df   Thumb Code    22  usbd_ioreq.o(i.USBD_CtlReceiveStatus)
    USBD_CtlSendData                         0x080023f5   Thumb Code    26  usbd_ioreq.o(i.USBD_CtlSendData)
    USBD_CtlSendStatus                       0x0800240f   Thumb Code    22  usbd_ioreq.o(i.USBD_CtlSendStatus)
    USBD_FS_ConfigStrDescriptor              0x08002425   Thumb Code    16  usbd_desc.o(i.USBD_FS_ConfigStrDescriptor)
    USBD_FS_DeviceDescriptor                 0x08002445   Thumb Code     8  usbd_desc.o(i.USBD_FS_DeviceDescriptor)
    USBD_FS_InterfaceStrDescriptor           0x08002451   Thumb Code    16  usbd_desc.o(i.USBD_FS_InterfaceStrDescriptor)
    USBD_FS_LangIDStrDescriptor              0x08002475   Thumb Code     8  usbd_desc.o(i.USBD_FS_LangIDStrDescriptor)
    USBD_FS_ManufacturerStrDescriptor        0x08002481   Thumb Code    16  usbd_desc.o(i.USBD_FS_ManufacturerStrDescriptor)
    USBD_FS_ProductStrDescriptor             0x080024a9   Thumb Code    16  usbd_desc.o(i.USBD_FS_ProductStrDescriptor)
    USBD_FS_SerialStrDescriptor              0x080024d5   Thumb Code    48  usbd_desc.o(i.USBD_FS_SerialStrDescriptor)
    USBD_GetString                           0x080025f5   Thumb Code    72  usbd_ctlreq.o(i.USBD_GetString)
    USBD_HID_SendReport                      0x080026db   Thumb Code    36  usbd_hid.o(i.USBD_HID_SendReport)
    USBD_Init                                0x080027c9   Thumb Code    42  usbd_core.o(i.USBD_Init)
    USBD_LL_ClearStallEP                     0x080027f3   Thumb Code    18  usbd_conf.o(i.USBD_LL_ClearStallEP)
    USBD_LL_CloseEP                          0x08002805   Thumb Code    18  usbd_conf.o(i.USBD_LL_CloseEP)
    USBD_LL_DataInStage                      0x08002817   Thumb Code   198  usbd_core.o(i.USBD_LL_DataInStage)
    USBD_LL_DataOutStage                     0x080028dd   Thumb Code   130  usbd_core.o(i.USBD_LL_DataOutStage)
    USBD_LL_Init                             0x08002961   Thumb Code    94  usbd_conf.o(i.USBD_LL_Init)
    USBD_LL_IsStallEP                        0x080029c9   Thumb Code    32  usbd_conf.o(i.USBD_LL_IsStallEP)
    USBD_LL_OpenEP                           0x080029e9   Thumb Code    24  usbd_conf.o(i.USBD_LL_OpenEP)
    USBD_LL_PrepareReceive                   0x08002a01   Thumb Code    18  usbd_conf.o(i.USBD_LL_PrepareReceive)
    USBD_LL_Reset                            0x08002a13   Thumb Code    80  usbd_core.o(i.USBD_LL_Reset)
    USBD_LL_Resume                           0x08002a63   Thumb Code    20  usbd_core.o(i.USBD_LL_Resume)
    USBD_LL_SOF                              0x08002a77   Thumb Code    24  usbd_core.o(i.USBD_LL_SOF)
    USBD_LL_SetSpeed                         0x08002a8f   Thumb Code     6  usbd_core.o(i.USBD_LL_SetSpeed)
    USBD_LL_SetUSBAddress                    0x08002a95   Thumb Code    18  usbd_conf.o(i.USBD_LL_SetUSBAddress)
    USBD_LL_SetupStage                       0x08002aa7   Thumb Code    90  usbd_core.o(i.USBD_LL_SetupStage)
    USBD_LL_StallEP                          0x08002b01   Thumb Code    18  usbd_conf.o(i.USBD_LL_StallEP)
    USBD_LL_Start                            0x08002b13   Thumb Code    18  usbd_conf.o(i.USBD_LL_Start)
    USBD_LL_Suspend                          0x08002b25   Thumb Code    18  usbd_core.o(i.USBD_LL_Suspend)
    USBD_LL_Transmit                         0x08002b37   Thumb Code    18  usbd_conf.o(i.USBD_LL_Transmit)
    USBD_ParseSetupRequest                   0x08002b49   Thumb Code    40  usbd_ctlreq.o(i.USBD_ParseSetupRequest)
    USBD_RegisterClass                       0x08002b71   Thumb Code    16  usbd_core.o(i.USBD_RegisterClass)
    USBD_SetClassConfig                      0x08002b81   Thumb Code    22  usbd_core.o(i.USBD_SetClassConfig)
    USBD_Start                               0x08002c1d   Thumb Code    10  usbd_core.o(i.USBD_Start)
    USBD_StdDevReq                           0x08002c27   Thumb Code   274  usbd_ctlreq.o(i.USBD_StdDevReq)
    USBD_StdEPReq                            0x08002d39   Thumb Code   336  usbd_ctlreq.o(i.USBD_StdEPReq)
    USBD_StdItfReq                           0x08002e89   Thumb Code    78  usbd_ctlreq.o(i.USBD_StdItfReq)
    USBD_static_free                         0x08002ed7   Thumb Code     2  usbd_conf.o(i.USBD_static_free)
    USBD_static_malloc                       0x08002ed9   Thumb Code     4  usbd_conf.o(i.USBD_static_malloc)
    USB_ActivateEndpoint                     0x08002ee1   Thumb Code   668  stm32f1xx_ll_usb.o(i.USB_ActivateEndpoint)
    USB_CoreInit                             0x0800317d   Thumb Code     4  stm32f1xx_ll_usb.o(i.USB_CoreInit)
    USB_DeactivateEndpoint                   0x08003181   Thumb Code   270  stm32f1xx_ll_usb.o(i.USB_DeactivateEndpoint)
    USB_DevConnect                           0x0800328f   Thumb Code     4  stm32f1xx_ll_usb.o(i.USB_DevConnect)
    USB_DevDisconnect                        0x08003293   Thumb Code     4  stm32f1xx_ll_usb.o(i.USB_DevDisconnect)
    USB_DevInit                              0x08003297   Thumb Code    18  stm32f1xx_ll_usb.o(i.USB_DevInit)
    USB_DisableGlobalInt                     0x080032a9   Thumb Code    14  stm32f1xx_ll_usb.o(i.USB_DisableGlobalInt)
    USB_EP0_OutStart                         0x080032b7   Thumb Code     4  stm32f1xx_ll_usb.o(i.USB_EP0_OutStart)
    USB_EPClearStall                         0x080032bb   Thumb Code   120  stm32f1xx_ll_usb.o(i.USB_EPClearStall)
    USB_EPSetStall                           0x08003333   Thumb Code    50  stm32f1xx_ll_usb.o(i.USB_EPSetStall)
    USB_EPStartXfer                          0x08003365   Thumb Code  1250  stm32f1xx_ll_usb.o(i.USB_EPStartXfer)
    USB_EnableGlobalInt                      0x08003847   Thumb Code    18  stm32f1xx_ll_usb.o(i.USB_EnableGlobalInt)
    USB_LP_CAN1_RX0_IRQHandler               0x08003859   Thumb Code     6  stm32f1xx_it.o(i.USB_LP_CAN1_RX0_IRQHandler)
    USB_ReadInterrupts                       0x08003865   Thumb Code     6  stm32f1xx_ll_usb.o(i.USB_ReadInterrupts)
    USB_ReadPMA                              0x0800386d   Thumb Code    44  stm32f1xx_ll_usb.o(i.USB_ReadPMA)
    USB_SetCurrentMode                       0x08003899   Thumb Code     4  stm32f1xx_ll_usb.o(i.USB_SetCurrentMode)
    USB_SetDevAddress                        0x0800389d   Thumb Code    12  stm32f1xx_ll_usb.o(i.USB_SetDevAddress)
    USB_WritePMA                             0x080038a9   Thumb Code    38  stm32f1xx_ll_usb.o(i.USB_WritePMA)
    UsageFault_Handler                       0x080038cf   Thumb Code     2  stm32f1xx_it.o(i.UsageFault_Handler)
    convert_Data                             0x080038f1   Thumb Code   132  main.o(i.convert_Data)
    isDataAvailable                          0x0800397d   Thumb Code    34  nrf24l01.o(i.isDataAvailable)
    main                                     0x080039a1   Thumb Code    94  main.o(i.main)
    map                                      0x08003a11   Thumb Code    20  main.o(i.map)
    nrf24_Read_Register                      0x08003a25   Thumb Code    48  nrf24l01.o(i.nrf24_Read_Register)
    nrf24_Read_Register_Multiple             0x08003a59   Thumb Code    44  nrf24l01.o(i.nrf24_Read_Register_Multiple)
    nrf24_Send_Cmd                           0x08003a89   Thumb Code    24  nrf24l01.o(i.nrf24_Send_Cmd)
    nrf24_Write_Register                     0x08003aa5   Thumb Code    38  nrf24l01.o(i.nrf24_Write_Register)
    nrf24_Write_Register_Multiple            0x08003ad1   Thumb Code    52  nrf24l01.o(i.nrf24_Write_Register_Multiple)
    nrf24_reset                              0x08003b09   Thumb Code   284  nrf24l01.o(i.nrf24_reset)
    AHBPrescTable                            0x08003c46   Data          16  system_stm32f1xx.o(.constdata)
    Region$$Table$$Base                      0x08003c58   Number         0  anon$$obj.o(Region$$Table)
    Region$$Table$$Limit                     0x08003c78   Number         0  anon$$obj.o(Region$$Table)
    mousehid                                 0x20000000   Data           4  main.o(.data)
    RxAddress                                0x20000004   Data           5  main.o(.data)
    FS_Desc                                  0x2000000c   Data          28  usbd_desc.o(.data)
    USBD_LangIDDesc                          0x20000028   Data           4  usbd_desc.o(.data)
    USBD_FS_DeviceDesc                       0x2000002c   Data          18  usbd_desc.o(.data)
    USBD_StringSerial                        0x20000040   Data          26  usbd_desc.o(.data)
    uwTickFreq                               0x2000005c   Data           1  stm32f1xx_hal.o(.data)
    uwTickPrio                               0x20000060   Data           4  stm32f1xx_hal.o(.data)
    uwTick                                   0x20000064   Data           4  stm32f1xx_hal.o(.data)
    SystemCoreClock                          0x20000068   Data           4  system_stm32f1xx.o(.data)
    USBD_HID                                 0x20000070   Data          56  usbd_hid.o(.data)
    hspi1                                    0x20000178   Data          88  main.o(.bss)
    memForAccel_Gyro                         0x200001d0   Data          32  main.o(.bss)
    hUsbDeviceFS                             0x200001f0   Data         708  usb_device.o(.bss)
    USBD_StrDesc                             0x200004b4   Data         512  usbd_desc.o(.bss)
    hpcd_USB_FS                              0x200006c8   Data         752  usbd_conf.o(.bss)
    __libspace_start                         0x200009b8   Data          96  libspace.o(.bss)
    __temporary_stack_top$libspace           0x20000a18   Data           0  libspace.o(.bss)



==============================================================================

Memory Map of the image

  Image Entry point : 0x080000ed

  Load Region LR_IROM1 (Base: 0x08000000, Size: 0x00003df0, Max: 0x00010000, ABSOLUTE, COMPRESSED[0x00003d54])

    Execution Region ER_IROM1 (Exec base: 0x08000000, Load base: 0x08000000, Size: 0x00003c78, Max: 0x00010000, ABSOLUTE)

    Exec Addr    Load Addr    Size         Type   Attr      Idx    E Section Name        Object

    0x08000000   0x08000000   0x000000ec   Data   RO            3    RESET               startup_stm32f103xb.o
    0x080000ec   0x080000ec   0x00000008   Code   RO         3085  * !!!main             c_w.l(__main.o)
    0x080000f4   0x080000f4   0x00000034   Code   RO         3246    !!!scatter          c_w.l(__scatter.o)
    0x08000128   0x08000128   0x0000005a   Code   RO         3244    !!dczerorl2         c_w.l(__dczerorl2.o)
    0x08000182   0x08000182   0x00000002   PAD
    0x08000184   0x08000184   0x0000001c   Code   RO         3248    !!handler_zi        c_w.l(__scatter_zi.o)
    0x080001a0   0x080001a0   0x00000002   Code   RO         3112    .ARM.Collect$$libinit$$00000000  c_w.l(libinit.o)
    0x080001a2   0x080001a2   0x00000000   Code   RO         3119    .ARM.Collect$$libinit$$00000002  c_w.l(libinit2.o)
    0x080001a2   0x080001a2   0x00000000   Code   RO         3121    .ARM.Collect$$libinit$$00000004  c_w.l(libinit2.o)
    0x080001a2   0x080001a2   0x00000000   Code   RO         3124    .ARM.Collect$$libinit$$0000000A  c_w.l(libinit2.o)
    0x080001a2   0x080001a2   0x00000000   Code   RO         3126    .ARM.Collect$$libinit$$0000000C  c_w.l(libinit2.o)
    0x080001a2   0x080001a2   0x00000000   Code   RO         3128    .ARM.Collect$$libinit$$0000000E  c_w.l(libinit2.o)
    0x080001a2   0x080001a2   0x00000000   Code   RO         3131    .ARM.Collect$$libinit$$00000011  c_w.l(libinit2.o)
    0x080001a2   0x080001a2   0x00000000   Code   RO         3133    .ARM.Collect$$libinit$$00000013  c_w.l(libinit2.o)
    0x080001a2   0x080001a2   0x00000000   Code   RO         3135    .ARM.Collect$$libinit$$00000015  c_w.l(libinit2.o)
    0x080001a2   0x080001a2   0x00000000   Code   RO         3137    .ARM.Collect$$libinit$$00000017  c_w.l(libinit2.o)
    0x080001a2   0x080001a2   0x00000000   Code   RO         3139    .ARM.Collect$$libinit$$00000019  c_w.l(libinit2.o)
    0x080001a2   0x080001a2   0x00000000   Code   RO         3141    .ARM.Collect$$libinit$$0000001B  c_w.l(libinit2.o)
    0x080001a2   0x080001a2   0x00000000   Code   RO         3143    .ARM.Collect$$libinit$$0000001D  c_w.l(libinit2.o)
    0x080001a2   0x080001a2   0x00000000   Code   RO         3145    .ARM.Collect$$libinit$$0000001F  c_w.l(libinit2.o)
    0x080001a2   0x080001a2   0x00000000   Code   RO         3147    .ARM.Collect$$libinit$$00000021  c_w.l(libinit2.o)
    0x080001a2   0x080001a2   0x00000000   Code   RO         3149    .ARM.Collect$$libinit$$00000023  c_w.l(libinit2.o)
    0x080001a2   0x080001a2   0x00000000   Code   RO         3151    .ARM.Collect$$libinit$$00000025  c_w.l(libinit2.o)
    0x080001a2   0x080001a2   0x00000000   Code   RO         3155    .ARM.Collect$$libinit$$0000002C  c_w.l(libinit2.o)
    0x080001a2   0x080001a2   0x00000000   Code   RO         3157    .ARM.Collect$$libinit$$0000002E  c_w.l(libinit2.o)
    0x080001a2   0x080001a2   0x00000000   Code   RO         3159    .ARM.Collect$$libinit$$00000030  c_w.l(libinit2.o)
    0x080001a2   0x080001a2   0x00000000   Code   RO         3161    .ARM.Collect$$libinit$$00000032  c_w.l(libinit2.o)
    0x080001a2   0x080001a2   0x00000002   Code   RO         3162    .ARM.Collect$$libinit$$00000033  c_w.l(libinit2.o)
    0x080001a4   0x080001a4   0x00000002   Code   RO         3182    .ARM.Collect$$libshutdown$$00000000  c_w.l(libshutdown.o)
    0x080001a6   0x080001a6   0x00000000   Code   RO         3195    .ARM.Collect$$libshutdown$$00000002  c_w.l(libshutdown2.o)
    0x080001a6   0x080001a6   0x00000000   Code   RO         3197    .ARM.Collect$$libshutdown$$00000004  c_w.l(libshutdown2.o)
    0x080001a6   0x080001a6   0x00000000   Code   RO         3199    .ARM.Collect$$libshutdown$$00000006  c_w.l(libshutdown2.o)
    0x080001a6   0x080001a6   0x00000000   Code   RO         3202    .ARM.Collect$$libshutdown$$00000009  c_w.l(libshutdown2.o)
    0x080001a6   0x080001a6   0x00000000   Code   RO         3205    .ARM.Collect$$libshutdown$$0000000C  c_w.l(libshutdown2.o)
    0x080001a6   0x080001a6   0x00000000   Code   RO         3207    .ARM.Collect$$libshutdown$$0000000E  c_w.l(libshutdown2.o)
    0x080001a6   0x080001a6   0x00000000   Code   RO         3210    .ARM.Collect$$libshutdown$$00000011  c_w.l(libshutdown2.o)
    0x080001a6   0x080001a6   0x00000002   Code   RO         3211    .ARM.Collect$$libshutdown$$00000012  c_w.l(libshutdown2.o)
    0x080001a8   0x080001a8   0x00000000   Code   RO         3087    .ARM.Collect$$rtentry$$00000000  c_w.l(__rtentry.o)
    0x080001a8   0x080001a8   0x00000000   Code   RO         3089    .ARM.Collect$$rtentry$$00000002  c_w.l(__rtentry2.o)
    0x080001a8   0x080001a8   0x00000006   Code   RO         3101    .ARM.Collect$$rtentry$$00000004  c_w.l(__rtentry4.o)
    0x080001ae   0x080001ae   0x00000000   Code   RO         3091    .ARM.Collect$$rtentry$$00000009  c_w.l(__rtentry2.o)
    0x080001ae   0x080001ae   0x00000004   Code   RO         3092    .ARM.Collect$$rtentry$$0000000A  c_w.l(__rtentry2.o)
    0x080001b2   0x080001b2   0x00000000   Code   RO         3094    .ARM.Collect$$rtentry$$0000000C  c_w.l(__rtentry2.o)
    0x080001b2   0x080001b2   0x00000008   Code   RO         3095    .ARM.Collect$$rtentry$$0000000D  c_w.l(__rtentry2.o)
    0x080001ba   0x080001ba   0x00000002   Code   RO         3116    .ARM.Collect$$rtexit$$00000000  c_w.l(rtexit.o)
    0x080001bc   0x080001bc   0x00000000   Code   RO         3164    .ARM.Collect$$rtexit$$00000002  c_w.l(rtexit2.o)
    0x080001bc   0x080001bc   0x00000004   Code   RO         3165    .ARM.Collect$$rtexit$$00000003  c_w.l(rtexit2.o)
    0x080001c0   0x080001c0   0x00000006   Code   RO         3166    .ARM.Collect$$rtexit$$00000004  c_w.l(rtexit2.o)
    0x080001c6   0x080001c6   0x00000002   PAD
    0x080001c8   0x080001c8   0x00000040   Code   RO            4    .text               startup_stm32f103xb.o
    0x08000208   0x08000208   0x00000064   Code   RO         3079    .text               c_w.l(rt_memcpy_w.o)
    0x0800026c   0x0800026c   0x0000004e   Code   RO         3081    .text               c_w.l(rt_memclr_w.o)
    0x080002ba   0x080002ba   0x00000006   Code   RO         3083    .text               c_w.l(heapauxi.o)
    0x080002c0   0x080002c0   0x0000004a   Code   RO         3103    .text               c_w.l(sys_stackheap_outer.o)
    0x0800030a   0x0800030a   0x00000012   Code   RO         3105    .text               c_w.l(exit.o)
    0x0800031c   0x0800031c   0x00000008   Code   RO         3113    .text               c_w.l(libspace.o)
    0x08000324   0x08000324   0x0000000c   Code   RO         3174    .text               c_w.l(sys_exit.o)
    0x08000330   0x08000330   0x00000002   Code   RO         3185    .text               c_w.l(use_no_semi.o)
    0x08000332   0x08000332   0x00000000   Code   RO         3187    .text               c_w.l(indicate_semi.o)
    0x08000332   0x08000332   0x00000002   Code   RO          200    i.BusFault_Handler  stm32f1xx_it.o
    0x08000334   0x08000334   0x00000010   Code   RO         2967    i.CE_Disable        nrf24l01.o
    0x08000344   0x08000344   0x00000010   Code   RO         2968    i.CE_Enable         nrf24l01.o
    0x08000354   0x08000354   0x00000010   Code   RO         2969    i.CS_Select         nrf24l01.o
    0x08000364   0x08000364   0x00000010   Code   RO         2970    i.CS_UnSelect       nrf24l01.o
    0x08000374   0x08000374   0x00000002   Code   RO          201    i.DebugMon_Handler  stm32f1xx_it.o
    0x08000376   0x08000376   0x00000004   Code   RO           13    i.Error_Handler     main.o
    0x0800037a   0x0800037a   0x00000002   PAD
    0x0800037c   0x0800037c   0x00000024   Code   RO         1261    i.HAL_Delay         stm32f1xx_hal.o
    0x080003a0   0x080003a0   0x000001e0   Code   RO         1571    i.HAL_GPIO_Init     stm32f1xx_hal_gpio.o
    0x08000580   0x08000580   0x00000010   Code   RO         1574    i.HAL_GPIO_TogglePin  stm32f1xx_hal_gpio.o
    0x08000590   0x08000590   0x0000000a   Code   RO         1575    i.HAL_GPIO_WritePin  stm32f1xx_hal_gpio.o
    0x0800059a   0x0800059a   0x00000002   PAD
    0x0800059c   0x0800059c   0x0000000c   Code   RO         1265    i.HAL_GetTick       stm32f1xx_hal.o
    0x080005a8   0x080005a8   0x00000010   Code   RO         1271    i.HAL_IncTick       stm32f1xx_hal.o
    0x080005b8   0x080005b8   0x00000024   Code   RO         1272    i.HAL_Init          stm32f1xx_hal.o
    0x080005dc   0x080005dc   0x00000040   Code   RO         1273    i.HAL_InitTick      stm32f1xx_hal.o
    0x0800061c   0x0800061c   0x0000003c   Code   RO          366    i.HAL_MspInit       stm32f1xx_hal_msp.o
    0x08000658   0x08000658   0x0000001a   Code   RO         1731    i.HAL_NVIC_EnableIRQ  stm32f1xx_hal_cortex.o
    0x08000672   0x08000672   0x00000002   PAD
    0x08000674   0x08000674   0x00000040   Code   RO         1737    i.HAL_NVIC_SetPriority  stm32f1xx_hal_cortex.o
    0x080006b4   0x080006b4   0x00000024   Code   RO         1738    i.HAL_NVIC_SetPriorityGrouping  stm32f1xx_hal_cortex.o
    0x080006d8   0x080006d8   0x0000003c   Code   RO         1028    i.HAL_PCDEx_PMAConfig  stm32f1xx_hal_pcd_ex.o
    0x08000714   0x08000714   0x00000002   Code   RO          541    i.HAL_PCDEx_SetConnectionState  usbd_conf.o
    0x08000716   0x08000716   0x00000012   Code   RO          543    i.HAL_PCD_DataInStageCallback  usbd_conf.o
    0x08000728   0x08000728   0x00000014   Code   RO          544    i.HAL_PCD_DataOutStageCallback  usbd_conf.o
    0x0800073c   0x0800073c   0x0000004c   Code   RO          799    i.HAL_PCD_EP_Close  stm32f1xx_hal_pcd.o
    0x08000788   0x08000788   0x0000005c   Code   RO          800    i.HAL_PCD_EP_ClrStall  stm32f1xx_hal_pcd.o
    0x080007e4   0x080007e4   0x000000e6   Code   RO          801    i.HAL_PCD_EP_DB_Receive  stm32f1xx_hal_pcd.o
    0x080008ca   0x080008ca   0x00000338   Code   RO          802    i.HAL_PCD_EP_DB_Transmit  stm32f1xx_hal_pcd.o
    0x08000c02   0x08000c02   0x0000005a   Code   RO          805    i.HAL_PCD_EP_Open   stm32f1xx_hal_pcd.o
    0x08000c5c   0x08000c5c   0x0000002e   Code   RO          806    i.HAL_PCD_EP_Receive  stm32f1xx_hal_pcd.o
    0x08000c8a   0x08000c8a   0x00000072   Code   RO          807    i.HAL_PCD_EP_SetStall  stm32f1xx_hal_pcd.o
    0x08000cfc   0x08000cfc   0x00000030   Code   RO          808    i.HAL_PCD_EP_Transmit  stm32f1xx_hal_pcd.o
    0x08000d2c   0x08000d2c   0x00000134   Code   RO          810    i.HAL_PCD_IRQHandler  stm32f1xx_hal_pcd.o
    0x08000e60   0x08000e60   0x000000da   Code   RO          813    i.HAL_PCD_Init      stm32f1xx_hal_pcd.o
    0x08000f3a   0x08000f3a   0x00000002   PAD
    0x08000f3c   0x08000f3c   0x0000003c   Code   RO          549    i.HAL_PCD_MspInit   usbd_conf.o
    0x08000f78   0x08000f78   0x00000026   Code   RO          550    i.HAL_PCD_ResetCallback  usbd_conf.o
    0x08000f9e   0x08000f9e   0x00000008   Code   RO          551    i.HAL_PCD_ResumeCallback  usbd_conf.o
    0x08000fa6   0x08000fa6   0x00000008   Code   RO          552    i.HAL_PCD_SOFCallback  usbd_conf.o
    0x08000fae   0x08000fae   0x00000028   Code   RO          819    i.HAL_PCD_SetAddress  stm32f1xx_hal_pcd.o
    0x08000fd6   0x08000fd6   0x0000000e   Code   RO          553    i.HAL_PCD_SetupStageCallback  usbd_conf.o
    0x08000fe4   0x08000fe4   0x00000032   Code   RO          821    i.HAL_PCD_Start     stm32f1xx_hal_pcd.o
    0x08001016   0x08001016   0x00000002   PAD
    0x08001018   0x08001018   0x00000024   Code   RO          554    i.HAL_PCD_SuspendCallback  usbd_conf.o
    0x0800103c   0x0800103c   0x000000ec   Code   RO         1533    i.HAL_RCCEx_PeriphCLKConfig  stm32f1xx_hal_rcc_ex.o
    0x08001128   0x08001128   0x0000012c   Code   RO         1429    i.HAL_RCC_ClockConfig  stm32f1xx_hal_rcc.o
    0x08001254   0x08001254   0x0000004c   Code   RO         1438    i.HAL_RCC_GetSysClockFreq  stm32f1xx_hal_rcc.o
    0x080012a0   0x080012a0   0x00000320   Code   RO         1441    i.HAL_RCC_OscConfig  stm32f1xx_hal_rcc.o
    0x080015c0   0x080015c0   0x000000b2   Code   RO         2242    i.HAL_SPI_Init      stm32f1xx_hal_spi.o
    0x08001672   0x08001672   0x00000002   PAD
    0x08001674   0x08001674   0x00000070   Code   RO          368    i.HAL_SPI_MspInit   stm32f1xx_hal_msp.o
    0x080016e4   0x080016e4   0x00000156   Code   RO         2245    i.HAL_SPI_Receive   stm32f1xx_hal_spi.o
    0x0800183a   0x0800183a   0x0000016e   Code   RO         2250    i.HAL_SPI_Transmit  stm32f1xx_hal_spi.o
    0x080019a8   0x080019a8   0x000001ee   Code   RO         2251    i.HAL_SPI_TransmitReceive  stm32f1xx_hal_spi.o
    0x08001b96   0x08001b96   0x00000028   Code   RO         1742    i.HAL_SYSTICK_Config  stm32f1xx_hal_cortex.o
    0x08001bbe   0x08001bbe   0x00000002   Code   RO          202    i.HardFault_Handler  stm32f1xx_it.o
    0x08001bc0   0x08001bc0   0x00000038   Code   RO          455    i.IntToUnicode      usbd_desc.o
    0x08001bf8   0x08001bf8   0x000000cc   Code   RO           14    i.MX_GPIO_Init      main.o
    0x08001cc4   0x08001cc4   0x00000044   Code   RO           15    i.MX_SPI1_Init      main.o
    0x08001d08   0x08001d08   0x00000040   Code   RO          402    i.MX_USB_DEVICE_Init  usb_device.o
    0x08001d48   0x08001d48   0x00000002   Code   RO          203    i.MemManage_Handler  stm32f1xx_it.o
    0x08001d4a   0x08001d4a   0x00000002   Code   RO          204    i.NMI_Handler       stm32f1xx_it.o
    0x08001d4c   0x08001d4c   0x0000004c   Code   RO         2971    i.NRF24_Init        nrf24l01.o
    0x08001d98   0x08001d98   0x00000050   Code   RO         2972    i.NRF24_Receive     nrf24l01.o
    0x08001de8   0x08001de8   0x00000052   Code   RO         2973    i.NRF24_RxMode      nrf24l01.o
    0x08001e3a   0x08001e3a   0x000003ac   Code   RO          825    i.PCD_EP_ISR_Handler  stm32f1xx_hal_pcd.o
    0x080021e6   0x080021e6   0x00000002   Code   RO          205    i.PendSV_Handler    stm32f1xx_it.o
    0x080021e8   0x080021e8   0x0000005c   Code   RO         2279    i.SPI_EndRxTransaction  stm32f1xx_hal_spi.o
    0x08002244   0x08002244   0x00000020   Code   RO         2280    i.SPI_EndRxTxTransaction  stm32f1xx_hal_spi.o
    0x08002264   0x08002264   0x000000b8   Code   RO         2285    i.SPI_WaitFlagStateUntilTimeout  stm32f1xx_hal_spi.o
    0x0800231c   0x0800231c   0x00000002   Code   RO          206    i.SVC_Handler       stm32f1xx_it.o
    0x0800231e   0x0800231e   0x00000004   Code   RO          207    i.SysTick_Handler   stm32f1xx_it.o
    0x08002322   0x08002322   0x00000076   Code   RO           16    i.SystemClock_Config  main.o
    0x08002398   0x08002398   0x00000002   Code   RO         2590    i.SystemInit        system_stm32f1xx.o
    0x0800239a   0x0800239a   0x0000000e   Code   RO         2627    i.USBD_ClrClassConfig  usbd_core.o
    0x080023a8   0x080023a8   0x00000010   Code   RO         2830    i.USBD_CtlContinueRx  usbd_ioreq.o
    0x080023b8   0x080023b8   0x00000010   Code   RO         2831    i.USBD_CtlContinueSendData  usbd_ioreq.o
    0x080023c8   0x080023c8   0x00000016   Code   RO         2765    i.USBD_CtlError     usbd_ctlreq.o
    0x080023de   0x080023de   0x00000016   Code   RO         2833    i.USBD_CtlReceiveStatus  usbd_ioreq.o
    0x080023f4   0x080023f4   0x0000001a   Code   RO         2834    i.USBD_CtlSendData  usbd_ioreq.o
    0x0800240e   0x0800240e   0x00000016   Code   RO         2835    i.USBD_CtlSendStatus  usbd_ioreq.o
    0x08002424   0x08002424   0x00000020   Code   RO          456    i.USBD_FS_ConfigStrDescriptor  usbd_desc.o
    0x08002444   0x08002444   0x0000000c   Code   RO          457    i.USBD_FS_DeviceDescriptor  usbd_desc.o
    0x08002450   0x08002450   0x00000024   Code   RO          458    i.USBD_FS_InterfaceStrDescriptor  usbd_desc.o
    0x08002474   0x08002474   0x0000000c   Code   RO          459    i.USBD_FS_LangIDStrDescriptor  usbd_desc.o
    0x08002480   0x08002480   0x00000028   Code   RO          460    i.USBD_FS_ManufacturerStrDescriptor  usbd_desc.o
    0x080024a8   0x080024a8   0x0000002c   Code   RO          461    i.USBD_FS_ProductStrDescriptor  usbd_desc.o
    0x080024d4   0x080024d4   0x00000038   Code   RO          462    i.USBD_FS_SerialStrDescriptor  usbd_desc.o
    0x0800250c   0x0800250c   0x000000e8   Code   RO         2766    i.USBD_GetDescriptor  usbd_ctlreq.o
    0x080025f4   0x080025f4   0x00000048   Code   RO         2767    i.USBD_GetString    usbd_ctlreq.o
    0x0800263c   0x0800263c   0x00000018   Code   RO          555    i.USBD_Get_USB_Status  usbd_conf.o
    0x08002654   0x08002654   0x0000000c   Code   RO         2890    i.USBD_HID_DataIn   usbd_hid.o
    0x08002660   0x08002660   0x00000020   Code   RO         2891    i.USBD_HID_DeInit   usbd_hid.o
    0x08002680   0x08002680   0x0000000c   Code   RO         2892    i.USBD_HID_GetDeviceQualifierDesc  usbd_hid.o
    0x0800268c   0x0800268c   0x0000000c   Code   RO         2893    i.USBD_HID_GetFSCfgDesc  usbd_hid.o
    0x08002698   0x08002698   0x0000000c   Code   RO         2894    i.USBD_HID_GetHSCfgDesc  usbd_hid.o
    0x080026a4   0x080026a4   0x0000000c   Code   RO         2895    i.USBD_HID_GetOtherSpeedCfgDesc  usbd_hid.o
    0x080026b0   0x080026b0   0x0000002a   Code   RO         2897    i.USBD_HID_Init     usbd_hid.o
    0x080026da   0x080026da   0x00000024   Code   RO         2898    i.USBD_HID_SendReport  usbd_hid.o
    0x080026fe   0x080026fe   0x00000002   PAD
    0x08002700   0x08002700   0x000000c8   Code   RO         2899    i.USBD_HID_Setup    usbd_hid.o
    0x080027c8   0x080027c8   0x0000002a   Code   RO         2629    i.USBD_Init         usbd_core.o
    0x080027f2   0x080027f2   0x00000012   Code   RO          556    i.USBD_LL_ClearStallEP  usbd_conf.o
    0x08002804   0x08002804   0x00000012   Code   RO          557    i.USBD_LL_CloseEP   usbd_conf.o
    0x08002816   0x08002816   0x000000c6   Code   RO         2630    i.USBD_LL_DataInStage  usbd_core.o
    0x080028dc   0x080028dc   0x00000082   Code   RO         2631    i.USBD_LL_DataOutStage  usbd_core.o
    0x0800295e   0x0800295e   0x00000002   PAD
    0x08002960   0x08002960   0x00000068   Code   RO          562    i.USBD_LL_Init      usbd_conf.o
    0x080029c8   0x080029c8   0x00000020   Code   RO          563    i.USBD_LL_IsStallEP  usbd_conf.o
    0x080029e8   0x080029e8   0x00000018   Code   RO          564    i.USBD_LL_OpenEP    usbd_conf.o
    0x08002a00   0x08002a00   0x00000012   Code   RO          565    i.USBD_LL_PrepareReceive  usbd_conf.o
    0x08002a12   0x08002a12   0x00000050   Code   RO         2636    i.USBD_LL_Reset     usbd_core.o
    0x08002a62   0x08002a62   0x00000014   Code   RO         2637    i.USBD_LL_Resume    usbd_core.o
    0x08002a76   0x08002a76   0x00000018   Code   RO         2638    i.USBD_LL_SOF       usbd_core.o
    0x08002a8e   0x08002a8e   0x00000006   Code   RO         2639    i.USBD_LL_SetSpeed  usbd_core.o
    0x08002a94   0x08002a94   0x00000012   Code   RO          566    i.USBD_LL_SetUSBAddress  usbd_conf.o
    0x08002aa6   0x08002aa6   0x0000005a   Code   RO         2640    i.USBD_LL_SetupStage  usbd_core.o
    0x08002b00   0x08002b00   0x00000012   Code   RO          567    i.USBD_LL_StallEP   usbd_conf.o
    0x08002b12   0x08002b12   0x00000012   Code   RO          568    i.USBD_LL_Start     usbd_conf.o
    0x08002b24   0x08002b24   0x00000012   Code   RO         2641    i.USBD_LL_Suspend   usbd_core.o
    0x08002b36   0x08002b36   0x00000012   Code   RO          570    i.USBD_LL_Transmit  usbd_conf.o
    0x08002b48   0x08002b48   0x00000028   Code   RO         2768    i.USBD_ParseSetupRequest  usbd_ctlreq.o
    0x08002b70   0x08002b70   0x00000010   Code   RO         2642    i.USBD_RegisterClass  usbd_core.o
    0x08002b80   0x08002b80   0x00000016   Code   RO         2644    i.USBD_SetClassConfig  usbd_core.o
    0x08002b96   0x08002b96   0x00000002   PAD
    0x08002b98   0x08002b98   0x00000084   Code   RO         2769    i.USBD_SetConfig    usbd_ctlreq.o
    0x08002c1c   0x08002c1c   0x0000000a   Code   RO         2645    i.USBD_Start        usbd_core.o
    0x08002c26   0x08002c26   0x00000112   Code   RO         2770    i.USBD_StdDevReq    usbd_ctlreq.o
    0x08002d38   0x08002d38   0x00000150   Code   RO         2771    i.USBD_StdEPReq     usbd_ctlreq.o
    0x08002e88   0x08002e88   0x0000004e   Code   RO         2772    i.USBD_StdItfReq    usbd_ctlreq.o
    0x08002ed6   0x08002ed6   0x00000002   Code   RO          571    i.USBD_static_free  usbd_conf.o
    0x08002ed8   0x08002ed8   0x00000008   Code   RO          572    i.USBD_static_malloc  usbd_conf.o
    0x08002ee0   0x08002ee0   0x0000029c   Code   RO         1068    i.USB_ActivateEndpoint  stm32f1xx_ll_usb.o
    0x0800317c   0x0800317c   0x00000004   Code   RO         1071    i.USB_CoreInit      stm32f1xx_ll_usb.o
    0x08003180   0x08003180   0x0000010e   Code   RO         1073    i.USB_DeactivateEndpoint  stm32f1xx_ll_usb.o
    0x0800328e   0x0800328e   0x00000004   Code   RO         1074    i.USB_DevConnect    stm32f1xx_ll_usb.o
    0x08003292   0x08003292   0x00000004   Code   RO         1075    i.USB_DevDisconnect  stm32f1xx_ll_usb.o
    0x08003296   0x08003296   0x00000012   Code   RO         1076    i.USB_DevInit       stm32f1xx_ll_usb.o
    0x080032a8   0x080032a8   0x0000000e   Code   RO         1077    i.USB_DisableGlobalInt  stm32f1xx_ll_usb.o
    0x080032b6   0x080032b6   0x00000004   Code   RO         1078    i.USB_EP0_OutStart  stm32f1xx_ll_usb.o
    0x080032ba   0x080032ba   0x00000078   Code   RO         1079    i.USB_EPClearStall  stm32f1xx_ll_usb.o
    0x08003332   0x08003332   0x00000032   Code   RO         1080    i.USB_EPSetStall    stm32f1xx_ll_usb.o
    0x08003364   0x08003364   0x000004e2   Code   RO         1081    i.USB_EPStartXfer   stm32f1xx_ll_usb.o
    0x08003846   0x08003846   0x00000012   Code   RO         1083    i.USB_EnableGlobalInt  stm32f1xx_ll_usb.o
    0x08003858   0x08003858   0x0000000c   Code   RO          208    i.USB_LP_CAN1_RX0_IRQHandler  stm32f1xx_it.o
    0x08003864   0x08003864   0x00000006   Code   RO         1090    i.USB_ReadInterrupts  stm32f1xx_ll_usb.o
    0x0800386a   0x0800386a   0x00000002   PAD
    0x0800386c   0x0800386c   0x0000002c   Code   RO         1091    i.USB_ReadPMA       stm32f1xx_ll_usb.o
    0x08003898   0x08003898   0x00000004   Code   RO         1092    i.USB_SetCurrentMode  stm32f1xx_ll_usb.o
    0x0800389c   0x0800389c   0x0000000c   Code   RO         1093    i.USB_SetDevAddress  stm32f1xx_ll_usb.o
    0x080038a8   0x080038a8   0x00000026   Code   RO         1095    i.USB_WritePMA      stm32f1xx_ll_usb.o
    0x080038ce   0x080038ce   0x00000002   Code   RO          209    i.UsageFault_Handler  stm32f1xx_it.o
    0x080038d0   0x080038d0   0x00000020   Code   RO         1744    i.__NVIC_SetPriority  stm32f1xx_hal_cortex.o
    0x080038f0   0x080038f0   0x0000008c   Code   RO           17    i.convert_Data      main.o
    0x0800397c   0x0800397c   0x00000022   Code   RO         2976    i.isDataAvailable   nrf24l01.o
    0x0800399e   0x0800399e   0x00000002   PAD
    0x080039a0   0x080039a0   0x00000070   Code   RO           18    i.main              main.o
    0x08003a10   0x08003a10   0x00000014   Code   RO           19    i.map               main.o
    0x08003a24   0x08003a24   0x00000034   Code   RO         2977    i.nrf24_Read_Register  nrf24l01.o
    0x08003a58   0x08003a58   0x00000030   Code   RO         2978    i.nrf24_Read_Register_Multiple  nrf24l01.o
    0x08003a88   0x08003a88   0x0000001c   Code   RO         2979    i.nrf24_Send_Cmd    nrf24l01.o
    0x08003aa4   0x08003aa4   0x0000002c   Code   RO         2980    i.nrf24_Write_Register  nrf24l01.o
    0x08003ad0   0x08003ad0   0x00000038   Code   RO         2981    i.nrf24_Write_Register_Multiple  nrf24l01.o
    0x08003b08   0x08003b08   0x0000012c   Code   RO         2982    i.nrf24_reset       nrf24l01.o
    0x08003c34   0x08003c34   0x00000012   Data   RO         1442    .constdata          stm32f1xx_hal_rcc.o
    0x08003c46   0x08003c46   0x00000010   Data   RO         2591    .constdata          system_stm32f1xx.o
    0x08003c56   0x08003c56   0x00000002   PAD
    0x08003c58   0x08003c58   0x00000020   Data   RO         3242    Region$$Table       anon$$obj.o


    Execution Region RW_IRAM1 (Exec base: 0x20000000, Load base: 0x08003c78, Size: 0x00001018, Max: 0x00005000, ABSOLUTE, COMPRESSED[0x000000dc])

    Exec Addr    Load Addr    Size         Type   Attr      Idx    E Section Name        Object

    0x20000000   COMPRESSED   0x00000009   Data   RW           21    .data               main.o
    0x20000009   COMPRESSED   0x00000003   PAD
    0x2000000c   COMPRESSED   0x0000001c   Data   RW          464    .data               usbd_desc.o
    0x20000028   COMPRESSED   0x00000032   Data   RW          465    .data               usbd_desc.o
    0x2000005a   COMPRESSED   0x00000002   PAD
    0x2000005c   COMPRESSED   0x0000000c   Data   RW         1279    .data               stm32f1xx_hal.o
    0x20000068   COMPRESSED   0x00000004   Data   RW         2593    .data               system_stm32f1xx.o
    0x2000006c   COMPRESSED   0x00000001   Data   RW         2773    .data               usbd_ctlreq.o
    0x2000006d   COMPRESSED   0x00000003   PAD
    0x20000070   COMPRESSED   0x00000038   Data   RW         2900    .data               usbd_hid.o
    0x200000a8   COMPRESSED   0x000000ce   Data   RW         2901    .data               usbd_hid.o
    0x20000176   COMPRESSED   0x00000002   PAD
    0x20000178        -       0x00000078   Zero   RW           20    .bss                main.o
    0x200001f0        -       0x000002c4   Zero   RW          403    .bss                usb_device.o
    0x200004b4        -       0x00000200   Zero   RW          463    .bss                usbd_desc.o
    0x200006b4        -       0x00000304   Zero   RW          573    .bss                usbd_conf.o
    0x200009b8        -       0x00000060   Zero   RW         3114    .bss                c_w.l(libspace.o)
    0x20000a18        -       0x00000200   Zero   RW            2    HEAP                startup_stm32f103xb.o
    0x20000c18        -       0x00000400   Zero   RW            1    STACK               startup_stm32f103xb.o


==============================================================================

Image component sizes


      Code (inc. data)   RO Data    RW Data    ZI Data      Debug   Object Name

       666         54          0          9        120     398356   main.o
       864         68          0          0          0       8034   nrf24l01.o
        64         26        236          0       1536        804   startup_stm32f103xb.o
       164         28          0         12          0       5837   stm32f1xx_hal.o
       198         14          0          0          0      28887   stm32f1xx_hal_cortex.o
       506         34          0          0          0       3473   stm32f1xx_hal_gpio.o
       172         22          0          0          0       1540   stm32f1xx_hal_msp.o
      3076          0          0          0          0      13585   stm32f1xx_hal_pcd.o
        60          0          0          0          0       1158   stm32f1xx_hal_pcd_ex.o
      1176         60         18          0          0       3954   stm32f1xx_hal_rcc.o
       236         12          0          0          0       1364   stm32f1xx_hal_rcc_ex.o
      1688          4          0          0          0       8118   stm32f1xx_hal_spi.o
        32          6          0          0          0     404655   stm32f1xx_it.o
      2528          0          0          0          0      15963   stm32f1xx_ll_usb.o
         2          0         16          4          0       1095   system_stm32f1xx.o
        64         12          0          0        708       5340   usb_device.o
       524         30          0          0        772      13453   usbd_conf.o
       670          0          0          0          0       9351   usbd_core.o
      1186         28          0          1          0       7844   usbd_ctlreq.o
       288        104          0         78        512       5841   usbd_desc.o
       370         20          0        262          0       7681   usbd_hid.o
       102          0          0          0          0       3604   usbd_ioreq.o

    ----------------------------------------------------------------------
     14658        522        304        376       3648     949937   Object Totals
         0          0         32          0          0          0   (incl. Generated)
        22          0          2         10          0          0   (incl. Padding)

    ----------------------------------------------------------------------

      Code (inc. data)   RO Data    RW Data    ZI Data      Debug   Library Member Name

        90          0          0          0          0          0   __dczerorl2.o
         8          0          0          0          0         68   __main.o
         0          0          0          0          0          0   __rtentry.o
        12          0          0          0          0          0   __rtentry2.o
         6          0          0          0          0          0   __rtentry4.o
        52          8          0          0          0          0   __scatter.o
        28          0          0          0          0          0   __scatter_zi.o
        18          0          0          0          0         80   exit.o
         6          0          0          0          0        152   heapauxi.o
         0          0          0          0          0          0   indicate_semi.o
         2          0          0          0          0          0   libinit.o
         2          0          0          0          0          0   libinit2.o
         2          0          0          0          0          0   libshutdown.o
         2          0          0          0          0          0   libshutdown2.o
         8          4          0          0         96         68   libspace.o
        78          0          0          0          0         80   rt_memclr_w.o
       100          0          0          0          0         80   rt_memcpy_w.o
         2          0          0          0          0          0   rtexit.o
        10          0          0          0          0          0   rtexit2.o
        12          4          0          0          0         68   sys_exit.o
        74          0          0          0          0         80   sys_stackheap_outer.o
         2          0          0          0          0         68   use_no_semi.o

    ----------------------------------------------------------------------
       518         16          0          0         96        744   Library Totals
         4          0          0          0          0          0   (incl. Padding)

    ----------------------------------------------------------------------

      Code (inc. data)   RO Data    RW Data    ZI Data      Debug   Library Name

       514         16          0          0         96        744   c_w.l

    ----------------------------------------------------------------------
       518         16          0          0         96        744   Library Totals

    ----------------------------------------------------------------------

==============================================================================


      Code (inc. data)   RO Data    RW Data    ZI Data      Debug   

     15176        538        304        376       3744     942669   Grand Totals
     15176        538        304        220       3744     942669   ELF Image Totals (compressed)
     15176        538        304        220          0          0   ROM Totals

==============================================================================

    Total RO  Size (Code + RO Data)                15480 (  15.12kB)
    Total RW  Size (RW Data + ZI Data)              4120 (   4.02kB)
    Total ROM Size (Code + RO Data + RW Data)      15700 (  15.33kB)

==============================================================================

